x86_64-linux-gnu-gcc -Wa,--divide -Iinclude -D__ASSEMBLY__ -c arch/x86_64/boot/head.S -o arch/x86_64/boot/head.o
x86_64-linux-gnu-gcc -Wa,--divide -Iinclude -D__ASSEMBLY__ -c arch/x86_64/boot/idt.S -o arch/x86_64/boot/idt.o
x86_64-linux-gnu-gcc -Wa,--divide -Iinclude -D__ASSEMBLY__ -c arch/x86_64/boot/isr_stubs.S -o arch/x86_64/boot/isr_stubs.o
x86_64-linux-gnu-gcc -Wa,--divide -Iinclude -D__ASSEMBLY__ -c arch/x86_64/boot/ap_trampoline.S -o arch/x86_64/boot/ap_trampoline.o
x86_64-linux-gnu-gcc -Wa,--divide -Iinclude -D__ASSEMBLY__ -c arch/x86_64/kernel/switch.S -o arch/x86_64/kernel/switch.o
x86_64-linux-gnu-gcc -Wa,--divide -Iinclude -D__ASSEMBLY__ -c arch/x86_64/kernel/syscall_entry.S -o arch/x86_64/kernel/syscall_entry.o
arch/x86_64/kernel/syscall_entry.S: Assembler messages:
arch/x86_64/kernel/syscall_entry.S:43: Warning: no instruction mnemonic suffix given and no register operands; using default for `cmp'
x86_64-linux-gnu-gcc -Wall -Wextra -ffreestanding -mcmodel=kernel -mno-red-zone -mno-mmx -mno-sse -mno-sse2 -fno-pic -fno-pie -O2 -Iinclude -MMD -DSHADOWBOX_VERSION=\"973cde5-dirty\" -fno-stack-protector -c arch/x86_64/kernel/smp.c -o arch/x86_64/kernel/smp.o
In file included from include/smp.h:4,
                 from arch/x86_64/kernel/smp.c:1:
include/types.h:34: warning: "offsetof" redefined
   34 | #define offsetof(type, member) ((size_t)&((type *)0)->member)
      | 
In file included from include/types.h:7,
                 from include/smp.h:4,
                 from arch/x86_64/kernel/smp.c:1:
/usr/lib/gcc/x86_64-linux-gnu/11/include/stddef.h:406: note: this is the location of the previous definition
  406 | #define offsetof(TYPE, MEMBER) __builtin_offsetof (TYPE, MEMBER)
      | 
x86_64-linux-gnu-gcc -Wall -Wextra -ffreestanding -mcmodel=kernel -mno-red-zone -mno-mmx -mno-sse -mno-sse2 -fno-pic -fno-pie -O2 -Iinclude -MMD -DSHADOWBOX_VERSION=\"973cde5-dirty\" -fno-stack-protector -c arch/x86_64/kernel/gdt.c -o arch/x86_64/kernel/gdt.o
In file included from include/gdt.h:4,
                 from arch/x86_64/kernel/gdt.c:1:
include/types.h:34: warning: "offsetof" redefined
   34 | #define offsetof(type, member) ((size_t)&((type *)0)->member)
      | 
In file included from include/types.h:7,
                 from include/gdt.h:4,
                 from arch/x86_64/kernel/gdt.c:1:
/usr/lib/gcc/x86_64-linux-gnu/11/include/stddef.h:406: note: this is the location of the previous definition
  406 | #define offsetof(TYPE, MEMBER) __builtin_offsetof (TYPE, MEMBER)
      | 
x86_64-linux-gnu-gcc -Wall -Wextra -ffreestanding -mcmodel=kernel -mno-red-zone -mno-mmx -mno-sse -mno-sse2 -fno-pic -fno-pie -O2 -Iinclude -MMD -DSHADOWBOX_VERSION=\"973cde5-dirty\" -fno-stack-protector -c arch/x86_64/kernel/idt.c -o arch/x86_64/kernel/idt.o
In file included from include/idt.h:4,
                 from arch/x86_64/kernel/idt.c:1:
include/types.h:34: warning: "offsetof" redefined
   34 | #define offsetof(type, member) ((size_t)&((type *)0)->member)
      | 
In file included from include/types.h:7,
                 from include/idt.h:4,
                 from arch/x86_64/kernel/idt.c:1:
/usr/lib/gcc/x86_64-linux-gnu/11/include/stddef.h:406: note: this is the location of the previous definition
  406 | #define offsetof(TYPE, MEMBER) __builtin_offsetof (TYPE, MEMBER)
      | 
In file included from arch/x86_64/kernel/idt.c:2:
arch/x86_64/kernel/idt.c: In function ‘page_fault_handler’:
include/kernel.h:19:22: warning: format ‘%llx’ expects argument of type ‘long long unsigned int’, but argument 2 has type ‘uint64_t’ {aka ‘long unsigned int’} [-Wformat=]
   19 | #define KERN_ERR     "<3>"
      |                      ^~~~~
arch/x86_64/kernel/idt.c:73:12: note: in expansion of macro ‘KERN_ERR’
   73 |     printk(KERN_ERR "PAGE FAULT at %llx, RIP=%llx, error=%llx, present=%d, write=%d\n",
      |            ^~~~~~~~
arch/x86_64/kernel/idt.c:73:39: note: format string is defined here
   73 |     printk(KERN_ERR "PAGE FAULT at %llx, RIP=%llx, error=%llx, present=%d, write=%d\n",
      |                                    ~~~^
      |                                       |
      |                                       long long unsigned int
      |                                    %lx
In file included from arch/x86_64/kernel/idt.c:2:
include/kernel.h:19:22: warning: format ‘%llx’ expects argument of type ‘long long unsigned int’, but argument 3 has type ‘uint64_t’ {aka ‘long unsigned int’} [-Wformat=]
   19 | #define KERN_ERR     "<3>"
      |                      ^~~~~
arch/x86_64/kernel/idt.c:73:12: note: in expansion of macro ‘KERN_ERR’
   73 |     printk(KERN_ERR "PAGE FAULT at %llx, RIP=%llx, error=%llx, present=%d, write=%d\n",
      |            ^~~~~~~~
arch/x86_64/kernel/idt.c:73:49: note: format string is defined here
   73 |     printk(KERN_ERR "PAGE FAULT at %llx, RIP=%llx, error=%llx, present=%d, write=%d\n",
      |                                              ~~~^
      |                                                 |
      |                                                 long long unsigned int
      |                                              %lx
In file included from arch/x86_64/kernel/idt.c:2:
include/kernel.h:19:22: warning: format ‘%llx’ expects argument of type ‘long long unsigned int’, but argument 4 has type ‘uint64_t’ {aka ‘long unsigned int’} [-Wformat=]
   19 | #define KERN_ERR     "<3>"
      |                      ^~~~~
arch/x86_64/kernel/idt.c:73:12: note: in expansion of macro ‘KERN_ERR’
   73 |     printk(KERN_ERR "PAGE FAULT at %llx, RIP=%llx, error=%llx, present=%d, write=%d\n",
      |            ^~~~~~~~
arch/x86_64/kernel/idt.c:73:61: note: format string is defined here
   73 |     printk(KERN_ERR "PAGE FAULT at %llx, RIP=%llx, error=%llx, present=%d, write=%d\n",
      |                                                          ~~~^
      |                                                             |
      |                                                             long long unsigned int
      |                                                          %lx
In file included from arch/x86_64/kernel/idt.c:2:
include/kernel.h:19:22: warning: format ‘%llx’ expects argument of type ‘long long unsigned int’, but argument 2 has type ‘uint64_t’ {aka ‘long unsigned int’} [-Wformat=]
   19 | #define KERN_ERR     "<3>"
      |                      ^~~~~
arch/x86_64/kernel/idt.c:75:12: note: in expansion of macro ‘KERN_ERR’
   75 |     printk(KERN_ERR "CS=%llx RFLAGS=%llx RSP=%llx SS=%llx\n",
      |            ^~~~~~~~
arch/x86_64/kernel/idt.c:75:28: note: format string is defined here
   75 |     printk(KERN_ERR "CS=%llx RFLAGS=%llx RSP=%llx SS=%llx\n",
      |                         ~~~^
      |                            |
      |                            long long unsigned int
      |                         %lx
In file included from arch/x86_64/kernel/idt.c:2:
include/kernel.h:19:22: warning: format ‘%llx’ expects argument of type ‘long long unsigned int’, but argument 3 has type ‘uint64_t’ {aka ‘long unsigned int’} [-Wformat=]
   19 | #define KERN_ERR     "<3>"
      |                      ^~~~~
arch/x86_64/kernel/idt.c:75:12: note: in expansion of macro ‘KERN_ERR’
   75 |     printk(KERN_ERR "CS=%llx RFLAGS=%llx RSP=%llx SS=%llx\n",
      |            ^~~~~~~~
arch/x86_64/kernel/idt.c:75:40: note: format string is defined here
   75 |     printk(KERN_ERR "CS=%llx RFLAGS=%llx RSP=%llx SS=%llx\n",
      |                                     ~~~^
      |                                        |
      |                                        long long unsigned int
      |                                     %lx
In file included from arch/x86_64/kernel/idt.c:2:
include/kernel.h:19:22: warning: format ‘%llx’ expects argument of type ‘long long unsigned int’, but argument 4 has type ‘uint64_t’ {aka ‘long unsigned int’} [-Wformat=]
   19 | #define KERN_ERR     "<3>"
      |                      ^~~~~
arch/x86_64/kernel/idt.c:75:12: note: in expansion of macro ‘KERN_ERR’
   75 |     printk(KERN_ERR "CS=%llx RFLAGS=%llx RSP=%llx SS=%llx\n",
      |            ^~~~~~~~
arch/x86_64/kernel/idt.c:75:49: note: format string is defined here
   75 |     printk(KERN_ERR "CS=%llx RFLAGS=%llx RSP=%llx SS=%llx\n",
      |                                              ~~~^
      |                                                 |
      |                                                 long long unsigned int
      |                                              %lx
In file included from arch/x86_64/kernel/idt.c:2:
include/kernel.h:19:22: warning: format ‘%llx’ expects argument of type ‘long long unsigned int’, but argument 5 has type ‘uint64_t’ {aka ‘long unsigned int’} [-Wformat=]
   19 | #define KERN_ERR     "<3>"
      |                      ^~~~~
arch/x86_64/kernel/idt.c:75:12: note: in expansion of macro ‘KERN_ERR’
   75 |     printk(KERN_ERR "CS=%llx RFLAGS=%llx RSP=%llx SS=%llx\n",
      |            ^~~~~~~~
arch/x86_64/kernel/idt.c:75:57: note: format string is defined here
   75 |     printk(KERN_ERR "CS=%llx RFLAGS=%llx RSP=%llx SS=%llx\n",
      |                                                      ~~~^
      |                                                         |
      |                                                         long long unsigned int
      |                                                      %lx
arch/x86_64/kernel/idt.c:79:109: warning: operand of ‘?:’ changes signedness from ‘int’ to ‘uint32_t’ {aka ‘unsigned int’} due to unsignedness of other operand [-Wsign-compare]
   79 |     printk(KERN_ERR "PF: cur_task=%p pid=%d state=%d kstack=%lx cr3=%lx\n", (void*)proc, proc ? proc->pid : -1, proc ? proc->state : -1, proc ? proc->kstack : 0, proc ? proc->cr3 : 0);
      |                                                                                                             ^~
In file included from arch/x86_64/kernel/idt.c:2:
arch/x86_64/kernel/idt.c: In function ‘isr_handler’:
include/kernel.h:19:22: warning: format ‘%llx’ expects argument of type ‘long long unsigned int’, but argument 2 has type ‘uint64_t’ {aka ‘long unsigned int’} [-Wformat=]
   19 | #define KERN_ERR     "<3>"
      |                      ^~~~~
arch/x86_64/kernel/idt.c:98:16: note: in expansion of macro ‘KERN_ERR’
   98 |         printk(KERN_ERR "EXCEPTION: %llx, ERR_CODE: %llx\n", regs->int_no, regs->err_code);
      |                ^~~~~~~~
arch/x86_64/kernel/idt.c:98:40: note: format string is defined here
   98 |         printk(KERN_ERR "EXCEPTION: %llx, ERR_CODE: %llx\n", regs->int_no, regs->err_code);
      |                                     ~~~^
      |                                        |
      |                                        long long unsigned int
      |                                     %lx
In file included from arch/x86_64/kernel/idt.c:2:
include/kernel.h:19:22: warning: format ‘%llx’ expects argument of type ‘long long unsigned int’, but argument 3 has type ‘uint64_t’ {aka ‘long unsigned int’} [-Wformat=]
   19 | #define KERN_ERR     "<3>"
      |                      ^~~~~
arch/x86_64/kernel/idt.c:98:16: note: in expansion of macro ‘KERN_ERR’
   98 |         printk(KERN_ERR "EXCEPTION: %llx, ERR_CODE: %llx\n", regs->int_no, regs->err_code);
      |                ^~~~~~~~
arch/x86_64/kernel/idt.c:98:56: note: format string is defined here
   98 |         printk(KERN_ERR "EXCEPTION: %llx, ERR_CODE: %llx\n", regs->int_no, regs->err_code);
      |                                                     ~~~^
      |                                                        |
      |                                                        long long unsigned int
      |                                                     %lx
In file included from arch/x86_64/kernel/idt.c:2:
include/kernel.h:19:22: warning: format ‘%llx’ expects argument of type ‘long long unsigned int’, but argument 2 has type ‘uint64_t’ {aka ‘long unsigned int’} [-Wformat=]
   19 | #define KERN_ERR     "<3>"
      |                      ^~~~~
arch/x86_64/kernel/idt.c:99:16: note: in expansion of macro ‘KERN_ERR’
   99 |         printk(KERN_ERR "RIP: %llx, CR2: %llx\n", regs->rip, cr2);
      |                ^~~~~~~~
arch/x86_64/kernel/idt.c:99:34: note: format string is defined here
   99 |         printk(KERN_ERR "RIP: %llx, CR2: %llx\n", regs->rip, cr2);
      |                               ~~~^
      |                                  |
      |                                  long long unsigned int
      |                               %lx
In file included from arch/x86_64/kernel/idt.c:2:
include/kernel.h:19:22: warning: format ‘%llx’ expects argument of type ‘long long unsigned int’, but argument 3 has type ‘uint64_t’ {aka ‘long unsigned int’} [-Wformat=]
   19 | #define KERN_ERR     "<3>"
      |                      ^~~~~
arch/x86_64/kernel/idt.c:99:16: note: in expansion of macro ‘KERN_ERR’
   99 |         printk(KERN_ERR "RIP: %llx, CR2: %llx\n", regs->rip, cr2);
      |                ^~~~~~~~
arch/x86_64/kernel/idt.c:99:45: note: format string is defined here
   99 |         printk(KERN_ERR "RIP: %llx, CR2: %llx\n", regs->rip, cr2);
      |                                          ~~~^
      |                                             |
      |                                             long long unsigned int
      |                                          %lx
x86_64-linux-gnu-gcc -Wall -Wextra -ffreestanding -mcmodel=kernel -mno-red-zone -mno-mmx -mno-sse -mno-sse2 -fno-pic -fno-pie -O2 -Iinclude -MMD -DSHADOWBOX_VERSION=\"973cde5-dirty\" -fno-stack-protector -c arch/x86_64/mm/pmm.c -o arch/x86_64/mm/pmm.o
In file included from include/pmm.h:4,
                 from arch/x86_64/mm/pmm.c:1:
include/types.h:34: warning: "offsetof" redefined
   34 | #define offsetof(type, member) ((size_t)&((type *)0)->member)
      | 
In file included from include/types.h:7,
                 from include/pmm.h:4,
                 from arch/x86_64/mm/pmm.c:1:
/usr/lib/gcc/x86_64-linux-gnu/11/include/stddef.h:406: note: this is the location of the previous definition
  406 | #define offsetof(TYPE, MEMBER) __builtin_offsetof (TYPE, MEMBER)
      | 
In file included from arch/x86_64/mm/pmm.c:3:
arch/x86_64/mm/pmm.c: In function ‘pmm_init’:
include/kernel.h:22:22: warning: format ‘%llx’ expects argument of type ‘long long unsigned int’, but argument 2 has type ‘uint64_t’ {aka ‘long unsigned int’} [-Wformat=]
   22 | #define KERN_INFO    "<6>"
      |                      ^~~~~
arch/x86_64/mm/pmm.c:54:12: note: in expansion of macro ‘KERN_INFO’
   54 |     printk(KERN_INFO "PMM init start with mb2_info_ptr=0x%llx\n", mb2_info_ptr);
      |            ^~~~~~~~~
arch/x86_64/mm/pmm.c:54:61: note: format string is defined here
   54 |     printk(KERN_INFO "PMM init start with mb2_info_ptr=0x%llx\n", mb2_info_ptr);
      |                                                          ~~~^
      |                                                             |
      |                                                             long long unsigned int
      |                                                          %lx
In file included from arch/x86_64/mm/pmm.c:3:
include/kernel.h:22:22: warning: format ‘%llx’ expects argument of type ‘long long unsigned int’, but argument 2 has type ‘uint64_t’ {aka ‘long unsigned int’} [-Wformat=]
   22 | #define KERN_INFO    "<6>"
      |                      ^~~~~
arch/x86_64/mm/pmm.c:154:12: note: in expansion of macro ‘KERN_INFO’
  154 |     printk(KERN_INFO "PMM initialized: %llx blocks total, %llx blocks used, %d zones\n",
      |            ^~~~~~~~~
arch/x86_64/mm/pmm.c:154:43: note: format string is defined here
  154 |     printk(KERN_INFO "PMM initialized: %llx blocks total, %llx blocks used, %d zones\n",
      |                                        ~~~^
      |                                           |
      |                                           long long unsigned int
      |                                        %lx
In file included from arch/x86_64/mm/pmm.c:3:
include/kernel.h:22:22: warning: format ‘%llx’ expects argument of type ‘long long unsigned int’, but argument 3 has type ‘uint64_t’ {aka ‘long unsigned int’} [-Wformat=]
   22 | #define KERN_INFO    "<6>"
      |                      ^~~~~
arch/x86_64/mm/pmm.c:154:12: note: in expansion of macro ‘KERN_INFO’
  154 |     printk(KERN_INFO "PMM initialized: %llx blocks total, %llx blocks used, %d zones\n",
      |            ^~~~~~~~~
arch/x86_64/mm/pmm.c:154:62: note: format string is defined here
  154 |     printk(KERN_INFO "PMM initialized: %llx blocks total, %llx blocks used, %d zones\n",
      |                                                           ~~~^
      |                                                              |
      |                                                              long long unsigned int
      |                                                           %lx
In file included from arch/x86_64/mm/pmm.c:3:
include/kernel.h:23:22: warning: format ‘%llx’ expects argument of type ‘long long unsigned int’, but argument 3 has type ‘uint64_t’ {aka ‘long unsigned int’} [-Wformat=]
   23 | #define KERN_DEBUG   "<7>"
      |                      ^~~~~
arch/x86_64/mm/pmm.c:157:16: note: in expansion of macro ‘KERN_DEBUG’
  157 |         printk(KERN_DEBUG "PMM zone %s: %llx blocks (%llx free)\n",
      |                ^~~~~~~~~~
arch/x86_64/mm/pmm.c:157:44: note: format string is defined here
  157 |         printk(KERN_DEBUG "PMM zone %s: %llx blocks (%llx free)\n",
      |                                         ~~~^
      |                                            |
      |                                            long long unsigned int
      |                                         %lx
In file included from arch/x86_64/mm/pmm.c:3:
include/kernel.h:23:22: warning: format ‘%llx’ expects argument of type ‘long long unsigned int’, but argument 4 has type ‘uint64_t’ {aka ‘long unsigned int’} [-Wformat=]
   23 | #define KERN_DEBUG   "<7>"
      |                      ^~~~~
arch/x86_64/mm/pmm.c:157:16: note: in expansion of macro ‘KERN_DEBUG’
  157 |         printk(KERN_DEBUG "PMM zone %s: %llx blocks (%llx free)\n",
      |                ^~~~~~~~~~
arch/x86_64/mm/pmm.c:157:57: note: format string is defined here
  157 |         printk(KERN_DEBUG "PMM zone %s: %llx blocks (%llx free)\n",
      |                                                      ~~~^
      |                                                         |
      |                                                         long long unsigned int
      |                                                      %lx
x86_64-linux-gnu-gcc -Wall -Wextra -ffreestanding -mcmodel=kernel -mno-red-zone -mno-mmx -mno-sse -mno-sse2 -fno-pic -fno-pie -O2 -Iinclude -MMD -DSHADOWBOX_VERSION=\"973cde5-dirty\" -fno-stack-protector -c arch/x86_64/mm/vmm.c -o arch/x86_64/mm/vmm.o
In file included from include/vmm.h:4,
                 from arch/x86_64/mm/vmm.c:1:
include/types.h:34: warning: "offsetof" redefined
   34 | #define offsetof(type, member) ((size_t)&((type *)0)->member)
      | 
In file included from include/types.h:7,
                 from include/vmm.h:4,
                 from arch/x86_64/mm/vmm.c:1:
/usr/lib/gcc/x86_64-linux-gnu/11/include/stddef.h:406: note: this is the location of the previous definition
  406 | #define offsetof(TYPE, MEMBER) __builtin_offsetof (TYPE, MEMBER)
      | 
x86_64-linux-gnu-gcc -Wall -Wextra -ffreestanding -mcmodel=kernel -mno-red-zone -mno-mmx -mno-sse -mno-sse2 -fno-pic -fno-pie -O2 -Iinclude -MMD -DSHADOWBOX_VERSION=\"973cde5-dirty\" -fno-stack-protector -c arch/x86_64/mm/buddy.c -o arch/x86_64/mm/buddy.o
In file included from include/buddy.h:4,
                 from arch/x86_64/mm/buddy.c:1:
include/types.h:34: warning: "offsetof" redefined
   34 | #define offsetof(type, member) ((size_t)&((type *)0)->member)
      | 
In file included from include/types.h:7,
                 from include/buddy.h:4,
                 from arch/x86_64/mm/buddy.c:1:
/usr/lib/gcc/x86_64-linux-gnu/11/include/stddef.h:406: note: this is the location of the previous definition
  406 | #define offsetof(TYPE, MEMBER) __builtin_offsetof (TYPE, MEMBER)
      | 
In file included from arch/x86_64/mm/buddy.c:2:
arch/x86_64/mm/buddy.c: In function ‘buddy_init’:
include/kernel.h:22:22: warning: format ‘%llu’ expects argument of type ‘long long unsigned int’, but argument 2 has type ‘uint64_t’ {aka ‘long unsigned int’} [-Wformat=]
   22 | #define KERN_INFO    "<6>"
      |                      ^~~~~
arch/x86_64/mm/buddy.c:41:12: note: in expansion of macro ‘KERN_INFO’
   41 |     printk(KERN_INFO "BUDDY: initialized with %llu pages free\n", free_page_count);
      |            ^~~~~~~~~
arch/x86_64/mm/buddy.c:41:50: note: format string is defined here
   41 |     printk(KERN_INFO "BUDDY: initialized with %llu pages free\n", free_page_count);
      |                                               ~~~^
      |                                                  |
      |                                                  long long unsigned int
      |                                               %lu
arch/x86_64/mm/buddy.c: In function ‘buddy_alloc’:
arch/x86_64/mm/buddy.c:74:26: warning: comparison of integer expressions of different signedness: ‘int’ and ‘unsigned int’ [-Wsign-compare]
   74 |     while (current_order > order) {
      |                          ^
arch/x86_64/mm/buddy.c: In function ‘buddy_free’:
arch/x86_64/mm/buddy.c:100:42: warning: comparison of integer expressions of different signedness: ‘unsigned int’ and ‘int’ [-Wsign-compare]
  100 |         if (!buddy->free || buddy->order != current_order) break;
      |                                          ^~
x86_64-linux-gnu-gcc -Wall -Wextra -ffreestanding -mcmodel=kernel -mno-red-zone -mno-mmx -mno-sse -mno-sse2 -fno-pic -fno-pie -O2 -Iinclude -MMD -DSHADOWBOX_VERSION=\"973cde5-dirty\" -fno-stack-protector -c arch/x86_64/mm/malloc.c -o arch/x86_64/mm/malloc.o
In file included from include/malloc.h:4,
                 from arch/x86_64/mm/malloc.c:2:
include/types.h:34: warning: "offsetof" redefined
   34 | #define offsetof(type, member) ((size_t)&((type *)0)->member)
      | 
In file included from include/types.h:7,
                 from include/malloc.h:4,
                 from arch/x86_64/mm/malloc.c:2:
/usr/lib/gcc/x86_64-linux-gnu/11/include/stddef.h:406: note: this is the location of the previous definition
  406 | #define offsetof(TYPE, MEMBER) __builtin_offsetof (TYPE, MEMBER)
      | 
x86_64-linux-gnu-gcc -Wall -Wextra -ffreestanding -mcmodel=kernel -mno-red-zone -mno-mmx -mno-sse -mno-sse2 -fno-pic -fno-pie -O2 -Iinclude -MMD -DSHADOWBOX_VERSION=\"973cde5-dirty\" -fno-stack-protector -c arch/x86_64/mm/slab.c -o arch/x86_64/mm/slab.o
In file included from include/slab.h:4,
                 from arch/x86_64/mm/slab.c:1:
include/types.h:34: warning: "offsetof" redefined
   34 | #define offsetof(type, member) ((size_t)&((type *)0)->member)
      | 
In file included from include/types.h:7,
                 from include/slab.h:4,
                 from arch/x86_64/mm/slab.c:1:
/usr/lib/gcc/x86_64-linux-gnu/11/include/stddef.h:406: note: this is the location of the previous definition
  406 | #define offsetof(TYPE, MEMBER) __builtin_offsetof (TYPE, MEMBER)
      | 
arch/x86_64/mm/slab.c: In function ‘slab_page_alloc’:
arch/x86_64/mm/slab.c:12:23: warning: comparison of integer expressions of different signedness: ‘int’ and ‘uint64_t’ {aka ‘long unsigned int’} [-Wsign-compare]
   12 |     for (int i = 1; i < npages; i++) {
      |                       ^
arch/x86_64/mm/slab.c: In function ‘slab_page_free’:
arch/x86_64/mm/slab.c:28:23: warning: comparison of integer expressions of different signedness: ‘int’ and ‘uint64_t’ {aka ‘long unsigned int’} [-Wsign-compare]
   28 |     for (int i = 0; i < npages; i++) {
      |                       ^
In file included from arch/x86_64/mm/slab.c:2:
arch/x86_64/mm/slab.c: In function ‘slab_cache_stats’:
include/kernel.h:23:22: warning: format ‘%d’ expects argument of type ‘int’, but argument 3 has type ‘uint64_t’ {aka ‘long unsigned int’} [-Wformat=]
   23 | #define KERN_DEBUG   "<7>"
      |                      ^~~~~
arch/x86_64/mm/slab.c:207:12: note: in expansion of macro ‘KERN_DEBUG’
  207 |     printk(KERN_DEBUG "SLAB: %s allocs=%d frees=%d errors=%d\n",
      |            ^~~~~~~~~~
arch/x86_64/mm/slab.c:207:41: note: format string is defined here
  207 |     printk(KERN_DEBUG "SLAB: %s allocs=%d frees=%d errors=%d\n",
      |                                        ~^
      |                                         |
      |                                         int
      |                                        %ld
In file included from arch/x86_64/mm/slab.c:2:
include/kernel.h:23:22: warning: format ‘%d’ expects argument of type ‘int’, but argument 4 has type ‘uint64_t’ {aka ‘long unsigned int’} [-Wformat=]
   23 | #define KERN_DEBUG   "<7>"
      |                      ^~~~~
arch/x86_64/mm/slab.c:207:12: note: in expansion of macro ‘KERN_DEBUG’
  207 |     printk(KERN_DEBUG "SLAB: %s allocs=%d frees=%d errors=%d\n",
      |            ^~~~~~~~~~
arch/x86_64/mm/slab.c:207:50: note: format string is defined here
  207 |     printk(KERN_DEBUG "SLAB: %s allocs=%d frees=%d errors=%d\n",
      |                                                 ~^
      |                                                  |
      |                                                  int
      |                                                 %ld
In file included from arch/x86_64/mm/slab.c:2:
include/kernel.h:23:22: warning: format ‘%d’ expects argument of type ‘int’, but argument 5 has type ‘uint64_t’ {aka ‘long unsigned int’} [-Wformat=]
   23 | #define KERN_DEBUG   "<7>"
      |                      ^~~~~
arch/x86_64/mm/slab.c:207:12: note: in expansion of macro ‘KERN_DEBUG’
  207 |     printk(KERN_DEBUG "SLAB: %s allocs=%d frees=%d errors=%d\n",
      |            ^~~~~~~~~~
arch/x86_64/mm/slab.c:207:60: note: format string is defined here
  207 |     printk(KERN_DEBUG "SLAB: %s allocs=%d frees=%d errors=%d\n",
      |                                                           ~^
      |                                                            |
      |                                                            int
      |                                                           %ld
x86_64-linux-gnu-gcc -Wall -Wextra -ffreestanding -mcmodel=kernel -mno-red-zone -mno-mmx -mno-sse -mno-sse2 -fno-pic -fno-pie -O2 -Iinclude -MMD -DSHADOWBOX_VERSION=\"973cde5-dirty\" -fno-stack-protector -c arch/x86_64/mm/mmap.c -o arch/x86_64/mm/mmap.o
In file included from include/mmap.h:4,
                 from arch/x86_64/mm/mmap.c:1:
include/types.h:34: warning: "offsetof" redefined
   34 | #define offsetof(type, member) ((size_t)&((type *)0)->member)
      | 
In file included from include/types.h:7,
                 from include/mmap.h:4,
                 from arch/x86_64/mm/mmap.c:1:
/usr/lib/gcc/x86_64-linux-gnu/11/include/stddef.h:406: note: this is the location of the previous definition
  406 | #define offsetof(TYPE, MEMBER) __builtin_offsetof (TYPE, MEMBER)
      | 
x86_64-linux-gnu-gcc -Wall -Wextra -ffreestanding -mcmodel=kernel -mno-red-zone -mno-mmx -mno-sse -mno-sse2 -fno-pic -fno-pie -O2 -Iinclude -MMD -DSHADOWBOX_VERSION=\"973cde5-dirty\" -fno-stack-protector -c arch/x86_64/mm/swap.c -o arch/x86_64/mm/swap.o
In file included from include/swap.h:4,
                 from arch/x86_64/mm/swap.c:1:
include/types.h:34: warning: "offsetof" redefined
   34 | #define offsetof(type, member) ((size_t)&((type *)0)->member)
      | 
In file included from include/types.h:7,
                 from include/swap.h:4,
                 from arch/x86_64/mm/swap.c:1:
/usr/lib/gcc/x86_64-linux-gnu/11/include/stddef.h:406: note: this is the location of the previous definition
  406 | #define offsetof(TYPE, MEMBER) __builtin_offsetof (TYPE, MEMBER)
      | 
In file included from arch/x86_64/mm/swap.c:2:
arch/x86_64/mm/swap.c: In function ‘swap_init’:
include/kernel.h:22:22: warning: format ‘%llu’ expects argument of type ‘long long unsigned int’, but argument 3 has type ‘uint64_t’ {aka ‘long unsigned int’} [-Wformat=]
   22 | #define KERN_INFO    "<6>"
      |                      ^~~~~
arch/x86_64/mm/swap.c:31:16: note: in expansion of macro ‘KERN_INFO’
   31 |         printk(KERN_INFO "SWAP: Enabled on %s, %llu MB capacity.\n",
      |                ^~~~~~~~~
arch/x86_64/mm/swap.c:31:51: note: format string is defined here
   31 |         printk(KERN_INFO "SWAP: Enabled on %s, %llu MB capacity.\n",
      |                                                ~~~^
      |                                                   |
      |                                                   long long unsigned int
      |                                                %lu
x86_64-linux-gnu-gcc -Wall -Wextra -ffreestanding -mcmodel=kernel -mno-red-zone -mno-mmx -mno-sse -mno-sse2 -fno-pic -fno-pie -O2 -Iinclude -MMD -DSHADOWBOX_VERSION=\"973cde5-dirty\" -fno-stack-protector -c arch/x86_64/mm/aslr.c -o arch/x86_64/mm/aslr.o
In file included from include/aslr.h:4,
                 from arch/x86_64/mm/aslr.c:1:
include/types.h:34: warning: "offsetof" redefined
   34 | #define offsetof(type, member) ((size_t)&((type *)0)->member)
      | 
In file included from include/types.h:7,
                 from include/aslr.h:4,
                 from arch/x86_64/mm/aslr.c:1:
/usr/lib/gcc/x86_64-linux-gnu/11/include/stddef.h:406: note: this is the location of the previous definition
  406 | #define offsetof(TYPE, MEMBER) __builtin_offsetof (TYPE, MEMBER)
      | 
In file included from arch/x86_64/mm/aslr.c:2:
arch/x86_64/mm/aslr.c: In function ‘aslr_init’:
include/kernel.h:22:22: warning: format ‘%llx’ expects argument of type ‘long long unsigned int’, but argument 2 has type ‘uint64_t’ {aka ‘long unsigned int’} [-Wformat=]
   22 | #define KERN_INFO    "<6>"
      |                      ^~~~~
arch/x86_64/mm/aslr.c:48:12: note: in expansion of macro ‘KERN_INFO’
   48 |     printk(KERN_INFO "ASLR: initialized (kernel offset = %llx)\n", kernel_offset);
      |            ^~~~~~~~~
arch/x86_64/mm/aslr.c:48:61: note: format string is defined here
   48 |     printk(KERN_INFO "ASLR: initialized (kernel offset = %llx)\n", kernel_offset);
      |                                                          ~~~^
      |                                                             |
      |                                                             long long unsigned int
      |                                                          %lx
x86_64-linux-gnu-gcc -Wall -Wextra -ffreestanding -mcmodel=kernel -mno-red-zone -mno-mmx -mno-sse -mno-sse2 -fno-pic -fno-pie -O2 -Iinclude -MMD -DSHADOWBOX_VERSION=\"973cde5-dirty\" -fno-stack-protector -c arch/x86_64/drivers/pic.c -o arch/x86_64/drivers/pic.o
In file included from include/pic.h:4,
                 from arch/x86_64/drivers/pic.c:1:
include/types.h:34: warning: "offsetof" redefined
   34 | #define offsetof(type, member) ((size_t)&((type *)0)->member)
      | 
In file included from include/types.h:7,
                 from include/pic.h:4,
                 from arch/x86_64/drivers/pic.c:1:
/usr/lib/gcc/x86_64-linux-gnu/11/include/stddef.h:406: note: this is the location of the previous definition
  406 | #define offsetof(TYPE, MEMBER) __builtin_offsetof (TYPE, MEMBER)
      | 
arch/x86_64/drivers/pic.c: In function ‘pic_init’:
arch/x86_64/drivers/pic.c:22:17: warning: variable ‘a2’ set but not used [-Wunused-but-set-variable]
   22 |     uint8_t a1, a2;
      |                 ^~
arch/x86_64/drivers/pic.c:22:13: warning: variable ‘a1’ set but not used [-Wunused-but-set-variable]
   22 |     uint8_t a1, a2;
      |             ^~
x86_64-linux-gnu-gcc -Wall -Wextra -ffreestanding -mcmodel=kernel -mno-red-zone -mno-mmx -mno-sse -mno-sse2 -fno-pic -fno-pie -O2 -Iinclude -MMD -DSHADOWBOX_VERSION=\"973cde5-dirty\" -fno-stack-protector -c arch/x86_64/drivers/serial.c -o arch/x86_64/drivers/serial.o
In file included from arch/x86_64/drivers/serial.c:1:
include/types.h:34: warning: "offsetof" redefined
   34 | #define offsetof(type, member) ((size_t)&((type *)0)->member)
      | 
In file included from include/types.h:7,
                 from arch/x86_64/drivers/serial.c:1:
/usr/lib/gcc/x86_64-linux-gnu/11/include/stddef.h:406: note: this is the location of the previous definition
  406 | #define offsetof(TYPE, MEMBER) __builtin_offsetof (TYPE, MEMBER)
      | 
x86_64-linux-gnu-gcc -Wall -Wextra -ffreestanding -mcmodel=kernel -mno-red-zone -mno-mmx -mno-sse -mno-sse2 -fno-pic -fno-pie -O2 -Iinclude -MMD -DSHADOWBOX_VERSION=\"973cde5-dirty\" -fno-stack-protector -c arch/x86_64/drivers/pit.c -o arch/x86_64/drivers/pit.o
In file included from include/pit.h:4,
                 from arch/x86_64/drivers/pit.c:1:
include/types.h:34: warning: "offsetof" redefined
   34 | #define offsetof(type, member) ((size_t)&((type *)0)->member)
      | 
In file included from include/types.h:7,
                 from include/pit.h:4,
                 from arch/x86_64/drivers/pit.c:1:
/usr/lib/gcc/x86_64-linux-gnu/11/include/stddef.h:406: note: this is the location of the previous definition
  406 | #define offsetof(TYPE, MEMBER) __builtin_offsetof (TYPE, MEMBER)
      | 
x86_64-linux-gnu-gcc -Wall -Wextra -ffreestanding -mcmodel=kernel -mno-red-zone -mno-mmx -mno-sse -mno-sse2 -fno-pic -fno-pie -O2 -Iinclude -MMD -DSHADOWBOX_VERSION=\"973cde5-dirty\" -fno-stack-protector -c arch/x86_64/drivers/keyboard.c -o arch/x86_64/drivers/keyboard.o
In file included from include/keyboard.h:4,
                 from arch/x86_64/drivers/keyboard.c:1:
include/types.h:34: warning: "offsetof" redefined
   34 | #define offsetof(type, member) ((size_t)&((type *)0)->member)
      | 
In file included from include/types.h:7,
                 from include/keyboard.h:4,
                 from arch/x86_64/drivers/keyboard.c:1:
/usr/lib/gcc/x86_64-linux-gnu/11/include/stddef.h:406: note: this is the location of the previous definition
  406 | #define offsetof(TYPE, MEMBER) __builtin_offsetof (TYPE, MEMBER)
      | 
x86_64-linux-gnu-gcc -Wall -Wextra -ffreestanding -mcmodel=kernel -mno-red-zone -mno-mmx -mno-sse -mno-sse2 -fno-pic -fno-pie -O2 -Iinclude -MMD -DSHADOWBOX_VERSION=\"973cde5-dirty\" -fno-stack-protector -c arch/x86_64/drivers/mouse.c -o arch/x86_64/drivers/mouse.o
In file included from include/keyboard.h:4,
                 from arch/x86_64/drivers/mouse.c:1:
include/types.h:34: warning: "offsetof" redefined
   34 | #define offsetof(type, member) ((size_t)&((type *)0)->member)
      | 
In file included from include/types.h:7,
                 from include/keyboard.h:4,
                 from arch/x86_64/drivers/mouse.c:1:
/usr/lib/gcc/x86_64-linux-gnu/11/include/stddef.h:406: note: this is the location of the previous definition
  406 | #define offsetof(TYPE, MEMBER) __builtin_offsetof (TYPE, MEMBER)
      | 
x86_64-linux-gnu-gcc -Wall -Wextra -ffreestanding -mcmodel=kernel -mno-red-zone -mno-mmx -mno-sse -mno-sse2 -fno-pic -fno-pie -O2 -Iinclude -MMD -DSHADOWBOX_VERSION=\"973cde5-dirty\" -fno-stack-protector -c arch/x86_64/drivers/tty.c -o arch/x86_64/drivers/tty.o
In file included from include/vfs.h:4,
                 from include/tty.h:4,
                 from arch/x86_64/drivers/tty.c:1:
include/types.h:34: warning: "offsetof" redefined
   34 | #define offsetof(type, member) ((size_t)&((type *)0)->member)
      | 
In file included from include/types.h:7,
                 from include/vfs.h:4,
                 from include/tty.h:4,
                 from arch/x86_64/drivers/tty.c:1:
/usr/lib/gcc/x86_64-linux-gnu/11/include/stddef.h:406: note: this is the location of the previous definition
  406 | #define offsetof(TYPE, MEMBER) __builtin_offsetof (TYPE, MEMBER)
      | 
arch/x86_64/drivers/tty.c: In function ‘tty_init’:
arch/x86_64/drivers/tty.c:102:21: warning: assignment to ‘write_type_t’ {aka ‘unsigned int (*)(struct vfs_node *, unsigned int,  unsigned int,  unsigned char *)’} from incompatible pointer type ‘uint32_t (*)(vfs_node_t *, uint32_t,  uint32_t,  const uint8_t *)’ {aka ‘unsigned int (*)(struct vfs_node *, unsigned int,  unsigned int,  const unsigned char *)’} [-Wincompatible-pointer-types]
  102 |     tty_node->write = tty_write;
      |                     ^
x86_64-linux-gnu-gcc -Wall -Wextra -ffreestanding -mcmodel=kernel -mno-red-zone -mno-mmx -mno-sse -mno-sse2 -fno-pic -fno-pie -O2 -Iinclude -MMD -DSHADOWBOX_VERSION=\"973cde5-dirty\" -fno-stack-protector -c arch/x86_64/drivers/pci.c -o arch/x86_64/drivers/pci.o
In file included from include/pci.h:4,
                 from arch/x86_64/drivers/pci.c:1:
include/types.h:34: warning: "offsetof" redefined
   34 | #define offsetof(type, member) ((size_t)&((type *)0)->member)
      | 
In file included from include/types.h:7,
                 from include/pci.h:4,
                 from arch/x86_64/drivers/pci.c:1:
/usr/lib/gcc/x86_64-linux-gnu/11/include/stddef.h:406: note: this is the location of the previous definition
  406 | #define offsetof(TYPE, MEMBER) __builtin_offsetof (TYPE, MEMBER)
      | 
x86_64-linux-gnu-gcc -Wall -Wextra -ffreestanding -mcmodel=kernel -mno-red-zone -mno-mmx -mno-sse -mno-sse2 -fno-pic -fno-pie -O2 -Iinclude -MMD -DSHADOWBOX_VERSION=\"973cde5-dirty\" -fno-stack-protector -c arch/x86_64/drivers/apic.c -o arch/x86_64/drivers/apic.o
In file included from include/apic.h:4,
                 from arch/x86_64/drivers/apic.c:1:
include/types.h:34: warning: "offsetof" redefined
   34 | #define offsetof(type, member) ((size_t)&((type *)0)->member)
      | 
In file included from include/types.h:7,
                 from include/apic.h:4,
                 from arch/x86_64/drivers/apic.c:1:
/usr/lib/gcc/x86_64-linux-gnu/11/include/stddef.h:406: note: this is the location of the previous definition
  406 | #define offsetof(TYPE, MEMBER) __builtin_offsetof (TYPE, MEMBER)
      | 
x86_64-linux-gnu-gcc -Wall -Wextra -ffreestanding -mcmodel=kernel -mno-red-zone -mno-mmx -mno-sse -mno-sse2 -fno-pic -fno-pie -O2 -Iinclude -MMD -DSHADOWBOX_VERSION=\"973cde5-dirty\" -fno-stack-protector -c arch/x86_64/drivers/acpi.c -o arch/x86_64/drivers/acpi.o
In file included from include/acpi.h:4,
                 from arch/x86_64/drivers/acpi.c:1:
include/types.h:34: warning: "offsetof" redefined
   34 | #define offsetof(type, member) ((size_t)&((type *)0)->member)
      | 
In file included from include/types.h:7,
                 from include/acpi.h:4,
                 from arch/x86_64/drivers/acpi.c:1:
/usr/lib/gcc/x86_64-linux-gnu/11/include/stddef.h:406: note: this is the location of the previous definition
  406 | #define offsetof(TYPE, MEMBER) __builtin_offsetof (TYPE, MEMBER)
      | 
x86_64-linux-gnu-gcc -Wall -Wextra -ffreestanding -mcmodel=kernel -mno-red-zone -mno-mmx -mno-sse -mno-sse2 -fno-pic -fno-pie -O2 -Iinclude -MMD -DSHADOWBOX_VERSION=\"973cde5-dirty\" -fno-stack-protector -c arch/x86_64/drivers/ahci.c -o arch/x86_64/drivers/ahci.o
In file included from include/ahci.h:4,
                 from arch/x86_64/drivers/ahci.c:1:
include/types.h:34: warning: "offsetof" redefined
   34 | #define offsetof(type, member) ((size_t)&((type *)0)->member)
      | 
In file included from include/types.h:7,
                 from include/ahci.h:4,
                 from arch/x86_64/drivers/ahci.c:1:
/usr/lib/gcc/x86_64-linux-gnu/11/include/stddef.h:406: note: this is the location of the previous definition
  406 | #define offsetof(TYPE, MEMBER) __builtin_offsetof (TYPE, MEMBER)
      | 
arch/x86_64/drivers/ahci.c: In function ‘port_rebase’:
arch/x86_64/drivers/ahci.c:53:45: warning: unused parameter ‘portno’ [-Wunused-parameter]
   53 | static void port_rebase(HBA_PORT *port, int portno) {
      |                                         ~~~~^~~~~~
arch/x86_64/drivers/ahci.c: In function ‘ahci_init’:
arch/x86_64/drivers/ahci.c:249:38: warning: assignment to ‘int (*)(struct block_device *, uint64_t,  uint32_t,  void *)’ {aka ‘int (*)(struct block_device *, long unsigned int,  unsigned int,  void *)’} from incompatible pointer type ‘int (*)(block_device_t *, uint64_t,  uint32_t,  const void *)’ {aka ‘int (*)(struct block_device *, long unsigned int,  unsigned int,  const void *)’} [-Wincompatible-pointer-types]
  249 |                 ahci_dev.write_block = ahci_write;
      |                                      ^
x86_64-linux-gnu-gcc -Wall -Wextra -ffreestanding -mcmodel=kernel -mno-red-zone -mno-mmx -mno-sse -mno-sse2 -fno-pic -fno-pie -O2 -Iinclude -MMD -DSHADOWBOX_VERSION=\"973cde5-dirty\" -fno-stack-protector -c arch/x86_64/drivers/usb.c -o arch/x86_64/drivers/usb.o
In file included from include/usb.h:4,
                 from arch/x86_64/drivers/usb.c:1:
include/types.h:34: warning: "offsetof" redefined
   34 | #define offsetof(type, member) ((size_t)&((type *)0)->member)
      | 
In file included from include/types.h:7,
                 from include/usb.h:4,
                 from arch/x86_64/drivers/usb.c:1:
/usr/lib/gcc/x86_64-linux-gnu/11/include/stddef.h:406: note: this is the location of the previous definition
  406 | #define offsetof(TYPE, MEMBER) __builtin_offsetof (TYPE, MEMBER)
      | 
In file included from arch/x86_64/drivers/usb.c:2:
arch/x86_64/drivers/usb.c: In function ‘usb_init’:
include/kernel.h:22:22: warning: format ‘%llx’ expects argument of type ‘long long unsigned int’, but argument 2 has type ‘uint64_t’ {aka ‘long unsigned int’} [-Wformat=]
   22 | #define KERN_INFO    "<6>"
      |                      ^~~~~
arch/x86_64/drivers/usb.c:37:28: note: in expansion of macro ‘KERN_INFO’
   37 |                     printk(KERN_INFO "USB: xHCI Base Address (MMIO): 0x%llx\n", bar0);
      |                            ^~~~~~~~~
arch/x86_64/drivers/usb.c:37:75: note: format string is defined here
   37 |                     printk(KERN_INFO "USB: xHCI Base Address (MMIO): 0x%llx\n", bar0);
      |                                                                        ~~~^
      |                                                                           |
      |                                                                           long long unsigned int
      |                                                                        %lx
In file included from arch/x86_64/drivers/usb.c:2:
include/kernel.h:22:22: warning: format ‘%llx’ expects argument of type ‘long long unsigned int’, but argument 2 has type ‘uint64_t’ {aka ‘long unsigned int’} [-Wformat=]
   22 | #define KERN_INFO    "<6>"
      |                      ^~~~~
arch/x86_64/drivers/usb.c:65:28: note: in expansion of macro ‘KERN_INFO’
   65 |                     printk(KERN_INFO "USB: xHCI DCBAA (0x%llx) and Command Ring (0x%llx) initialized\n", dcbaa_phys, cmd_ring_phys);
      |                            ^~~~~~~~~
arch/x86_64/drivers/usb.c:65:61: note: format string is defined here
   65 |                     printk(KERN_INFO "USB: xHCI DCBAA (0x%llx) and Command Ring (0x%llx) initialized\n", dcbaa_phys, cmd_ring_phys);
      |                                                          ~~~^
      |                                                             |
      |                                                             long long unsigned int
      |                                                          %lx
In file included from arch/x86_64/drivers/usb.c:2:
include/kernel.h:22:22: warning: format ‘%llx’ expects argument of type ‘long long unsigned int’, but argument 3 has type ‘uint64_t’ {aka ‘long unsigned int’} [-Wformat=]
   22 | #define KERN_INFO    "<6>"
      |                      ^~~~~
arch/x86_64/drivers/usb.c:65:28: note: in expansion of macro ‘KERN_INFO’
   65 |                     printk(KERN_INFO "USB: xHCI DCBAA (0x%llx) and Command Ring (0x%llx) initialized\n", dcbaa_phys, cmd_ring_phys);
      |                            ^~~~~~~~~
arch/x86_64/drivers/usb.c:65:87: note: format string is defined here
   65 |                     printk(KERN_INFO "USB: xHCI DCBAA (0x%llx) and Command Ring (0x%llx) initialized\n", dcbaa_phys, cmd_ring_phys);
      |                                                                                    ~~~^
      |                                                                                       |
      |                                                                                       long long unsigned int
      |                                                                                    %lx
x86_64-linux-gnu-gcc -Wall -Wextra -ffreestanding -mcmodel=kernel -mno-red-zone -mno-mmx -mno-sse -mno-sse2 -fno-pic -fno-pie -O2 -Iinclude -MMD -DSHADOWBOX_VERSION=\"973cde5-dirty\" -fno-stack-protector -c arch/x86_64/drivers/hda.c -o arch/x86_64/drivers/hda.o
In file included from include/hda.h:4,
                 from arch/x86_64/drivers/hda.c:1:
include/types.h:34: warning: "offsetof" redefined
   34 | #define offsetof(type, member) ((size_t)&((type *)0)->member)
      | 
In file included from include/types.h:7,
                 from include/hda.h:4,
                 from arch/x86_64/drivers/hda.c:1:
/usr/lib/gcc/x86_64-linux-gnu/11/include/stddef.h:406: note: this is the location of the previous definition
  406 | #define offsetof(TYPE, MEMBER) __builtin_offsetof (TYPE, MEMBER)
      | 
x86_64-linux-gnu-gcc -Wall -Wextra -ffreestanding -mcmodel=kernel -mno-red-zone -mno-mmx -mno-sse -mno-sse2 -fno-pic -fno-pie -O2 -Iinclude -MMD -DSHADOWBOX_VERSION=\"973cde5-dirty\" -fno-stack-protector -c arch/x86_64/drivers/fb.c -o arch/x86_64/drivers/fb.o
In file included from include/fb.h:4,
                 from arch/x86_64/drivers/fb.c:1:
include/types.h:34: warning: "offsetof" redefined
   34 | #define offsetof(type, member) ((size_t)&((type *)0)->member)
      | 
In file included from include/types.h:7,
                 from include/fb.h:4,
                 from arch/x86_64/drivers/fb.c:1:
/usr/lib/gcc/x86_64-linux-gnu/11/include/stddef.h:406: note: this is the location of the previous definition
  406 | #define offsetof(TYPE, MEMBER) __builtin_offsetof (TYPE, MEMBER)
      | 
arch/x86_64/drivers/fb.c:83: warning: "FONT_H" redefined
   83 | #define FONT_H 16
      | 
In file included from arch/x86_64/drivers/fb.c:2:
include/font.h:2: note: this is the location of the previous definition
    2 | #define FONT_H
      | 
x86_64-linux-gnu-gcc -Wall -Wextra -ffreestanding -mcmodel=kernel -mno-red-zone -mno-mmx -mno-sse -mno-sse2 -fno-pic -fno-pie -O2 -Iinclude -MMD -DSHADOWBOX_VERSION=\"973cde5-dirty\" -fno-stack-protector -c arch/x86_64/drivers/rtc.c -o arch/x86_64/drivers/rtc.o
In file included from include/rtc.h:4,
                 from arch/x86_64/drivers/rtc.c:1:
include/types.h:34: warning: "offsetof" redefined
   34 | #define offsetof(type, member) ((size_t)&((type *)0)->member)
      | 
In file included from include/types.h:7,
                 from include/rtc.h:4,
                 from arch/x86_64/drivers/rtc.c:1:
/usr/lib/gcc/x86_64-linux-gnu/11/include/stddef.h:406: note: this is the location of the previous definition
  406 | #define offsetof(TYPE, MEMBER) __builtin_offsetof (TYPE, MEMBER)
      | 
x86_64-linux-gnu-gcc -Wall -Wextra -ffreestanding -mcmodel=kernel -mno-red-zone -mno-mmx -mno-sse -mno-sse2 -fno-pic -fno-pie -O2 -Iinclude -MMD -DSHADOWBOX_VERSION=\"973cde5-dirty\" -fno-stack-protector -c arch/x86_64/drivers/rtl8139.c -o arch/x86_64/drivers/rtl8139.o
In file included from include/rtl8139.h:4,
                 from arch/x86_64/drivers/rtl8139.c:1:
include/types.h:34: warning: "offsetof" redefined
   34 | #define offsetof(type, member) ((size_t)&((type *)0)->member)
      | 
In file included from include/types.h:7,
                 from include/rtl8139.h:4,
                 from arch/x86_64/drivers/rtl8139.c:1:
/usr/lib/gcc/x86_64-linux-gnu/11/include/stddef.h:406: note: this is the location of the previous definition
  406 | #define offsetof(TYPE, MEMBER) __builtin_offsetof (TYPE, MEMBER)
      | 
x86_64-linux-gnu-gcc -Wall -Wextra -ffreestanding -mcmodel=kernel -mno-red-zone -mno-mmx -mno-sse -mno-sse2 -fno-pic -fno-pie -O2 -Iinclude -MMD -DSHADOWBOX_VERSION=\"973cde5-dirty\" -fno-stack-protector -c arch/x86_64/drivers/e1000.c -o arch/x86_64/drivers/e1000.o
In file included from include/e1000.h:4,
                 from arch/x86_64/drivers/e1000.c:1:
include/types.h:34: warning: "offsetof" redefined
   34 | #define offsetof(type, member) ((size_t)&((type *)0)->member)
      | 
In file included from include/types.h:7,
                 from include/e1000.h:4,
                 from arch/x86_64/drivers/e1000.c:1:
/usr/lib/gcc/x86_64-linux-gnu/11/include/stddef.h:406: note: this is the location of the previous definition
  406 | #define offsetof(TYPE, MEMBER) __builtin_offsetof (TYPE, MEMBER)
      | 
arch/x86_64/drivers/e1000.c: In function ‘e1000_send_packet’:
arch/x86_64/drivers/e1000.c:46:23: warning: comparison of integer expressions of different signedness: ‘int’ and ‘uint32_t’ {aka ‘unsigned int’} [-Wsign-compare]
   46 |     for (int i = 0; i < len; i++)
      |                       ^
x86_64-linux-gnu-gcc -Wall -Wextra -ffreestanding -mcmodel=kernel -mno-red-zone -mno-mmx -mno-sse -mno-sse2 -fno-pic -fno-pie -O2 -Iinclude -MMD -DSHADOWBOX_VERSION=\"973cde5-dirty\" -fno-stack-protector -c kernel/main.c -o kernel/main.o
In file included from kernel/main.c:1:
include/types.h:34: warning: "offsetof" redefined
   34 | #define offsetof(type, member) ((size_t)&((type *)0)->member)
      | 
In file included from include/types.h:7,
                 from kernel/main.c:1:
/usr/lib/gcc/x86_64-linux-gnu/11/include/stddef.h:406: note: this is the location of the previous definition
  406 | #define offsetof(TYPE, MEMBER) __builtin_offsetof (TYPE, MEMBER)
      | 
In file included from kernel/main.c:2:
kernel/main.c: In function ‘init_user_thread’:
include/kernel.h:22:22: warning: format ‘%llx’ expects argument of type ‘long long unsigned int’, but argument 2 has type ‘uint64_t’ {aka ‘long unsigned int’} [-Wformat=]
   22 | #define KERN_INFO    "<6>"
      |                      ^~~~~
kernel/main.c:469:12: note: in expansion of macro ‘KERN_INFO’
  469 |     printk(KERN_INFO "ShadowBox: jumping to user mode at %llx...\n", entry_point);
      |            ^~~~~~~~~
kernel/main.c:469:61: note: format string is defined here
  469 |     printk(KERN_INFO "ShadowBox: jumping to user mode at %llx...\n", entry_point);
      |                                                          ~~~^
      |                                                             |
      |                                                             long long unsigned int
      |                                                          %lx
x86_64-linux-gnu-gcc -Wall -Wextra -ffreestanding -mcmodel=kernel -mno-red-zone -mno-mmx -mno-sse -mno-sse2 -fno-pic -fno-pie -O2 -Iinclude -MMD -DSHADOWBOX_VERSION=\"973cde5-dirty\" -fno-stack-protector -c kernel/boot.c -o kernel/boot.o
In file included from include/boot.h:4,
                 from kernel/boot.c:1:
include/types.h:34: warning: "offsetof" redefined
   34 | #define offsetof(type, member) ((size_t)&((type *)0)->member)
      | 
In file included from include/types.h:7,
                 from include/boot.h:4,
                 from kernel/boot.c:1:
/usr/lib/gcc/x86_64-linux-gnu/11/include/stddef.h:406: note: this is the location of the previous definition
  406 | #define offsetof(TYPE, MEMBER) __builtin_offsetof (TYPE, MEMBER)
      | 
In file included from kernel/boot.c:2:
kernel/boot.c: In function ‘boot_stage_end’:
include/kernel.h:22:22: warning: format ‘%llu’ expects argument of type ‘long long unsigned int’, but argument 3 has type ‘uint64_t’ {aka ‘long unsigned int’} [-Wformat=]
   22 | #define KERN_INFO    "<6>"
      |                      ^~~~~
kernel/boot.c:39:12: note: in expansion of macro ‘KERN_INFO’
   39 |     printk(KERN_INFO "BOOT: %s done (%llu us)\n", stages[idx].name, elapsed);
      |            ^~~~~~~~~
kernel/boot.c:39:41: note: format string is defined here
   39 |     printk(KERN_INFO "BOOT: %s done (%llu us)\n", stages[idx].name, elapsed);
      |                                      ~~~^
      |                                         |
      |                                         long long unsigned int
      |                                      %lu
In file included from kernel/boot.c:2:
kernel/boot.c: In function ‘boot_stages_summary’:
include/kernel.h:22:22: warning: format ‘%llu’ expects argument of type ‘long long unsigned int’, but argument 4 has type ‘uint64_t’ {aka ‘long unsigned int’} [-Wformat=]
   22 | #define KERN_INFO    "<6>"
      |                      ^~~~~
kernel/boot.c:50:16: note: in expansion of macro ‘KERN_INFO’
   50 |         printk(KERN_INFO "BOOT:   %d. %s %llu us\n", i + 1, stages[i].name, elapsed);
      |                ^~~~~~~~~
kernel/boot.c:50:45: note: format string is defined here
   50 |         printk(KERN_INFO "BOOT:   %d. %s %llu us\n", i + 1, stages[i].name, elapsed);
      |                                          ~~~^
      |                                             |
      |                                             long long unsigned int
      |                                          %lu
In file included from kernel/boot.c:2:
include/kernel.h:22:22: warning: format ‘%llu’ expects argument of type ‘long long unsigned int’, but argument 2 has type ‘uint64_t’ {aka ‘long unsigned int’} [-Wformat=]
   22 | #define KERN_INFO    "<6>"
      |                      ^~~~~
kernel/boot.c:52:12: note: in expansion of macro ‘KERN_INFO’
   52 |     printk(KERN_INFO "BOOT: Total boot time: %llu us\n", total);
      |            ^~~~~~~~~
kernel/boot.c:52:49: note: format string is defined here
   52 |     printk(KERN_INFO "BOOT: Total boot time: %llu us\n", total);
      |                                              ~~~^
      |                                                 |
      |                                                 long long unsigned int
      |                                              %lu
x86_64-linux-gnu-gcc -Wall -Wextra -ffreestanding -mcmodel=kernel -mno-red-zone -mno-mmx -mno-sse -mno-sse2 -fno-pic -fno-pie -O2 -Iinclude -MMD -DSHADOWBOX_VERSION=\"973cde5-dirty\" -fno-stack-protector -c kernel/printk.c -o kernel/printk.o
In file included from kernel/printk.c:1:
include/types.h:34: warning: "offsetof" redefined
   34 | #define offsetof(type, member) ((size_t)&((type *)0)->member)
      | 
In file included from include/types.h:7,
                 from kernel/printk.c:1:
/usr/lib/gcc/x86_64-linux-gnu/11/include/stddef.h:406: note: this is the location of the previous definition
  406 | #define offsetof(TYPE, MEMBER) __builtin_offsetof (TYPE, MEMBER)
      | 
x86_64-linux-gnu-gcc -Wall -Wextra -ffreestanding -mcmodel=kernel -mno-red-zone -mno-mmx -mno-sse -mno-sse2 -fno-pic -fno-pie -O2 -Iinclude -MMD -DSHADOWBOX_VERSION=\"973cde5-dirty\" -fno-stack-protector -c kernel/task.c -o kernel/task.o
In file included from include/task.h:4,
                 from kernel/task.c:1:
include/types.h:34: warning: "offsetof" redefined
   34 | #define offsetof(type, member) ((size_t)&((type *)0)->member)
      | 
In file included from include/types.h:7,
                 from include/task.h:4,
                 from kernel/task.c:1:
/usr/lib/gcc/x86_64-linux-gnu/11/include/stddef.h:406: note: this is the location of the previous definition
  406 | #define offsetof(TYPE, MEMBER) __builtin_offsetof (TYPE, MEMBER)
      | 
kernel/task.c: In function ‘do_exit’:
kernel/task.c:77:25: warning: comparison of integer expressions of different signedness: ‘int’ and ‘uint32_t’ {aka ‘unsigned int’} [-Wsign-compare]
   77 |             if (p->ppid == current_proc->pid && p != current_proc) {
      |                         ^~
x86_64-linux-gnu-gcc -Wall -Wextra -ffreestanding -mcmodel=kernel -mno-red-zone -mno-mmx -mno-sse -mno-sse2 -fno-pic -fno-pie -O2 -Iinclude -MMD -DSHADOWBOX_VERSION=\"973cde5-dirty\" -fno-stack-protector -c kernel/vfs.c -o kernel/vfs.o
In file included from include/vfs.h:4,
                 from kernel/vfs.c:1:
include/types.h:34: warning: "offsetof" redefined
   34 | #define offsetof(type, member) ((size_t)&((type *)0)->member)
      | 
In file included from include/types.h:7,
                 from include/vfs.h:4,
                 from kernel/vfs.c:1:
/usr/lib/gcc/x86_64-linux-gnu/11/include/stddef.h:406: note: this is the location of the previous definition
  406 | #define offsetof(TYPE, MEMBER) __builtin_offsetof (TYPE, MEMBER)
      | 
kernel/vfs.c: In function ‘vfs_mkdir’:
kernel/vfs.c:193:61: warning: unused parameter ‘mode’ [-Wunused-parameter]
  193 | int vfs_mkdir(const char *path, vfs_node_t *start, uint32_t mode) {
      |                                                    ~~~~~~~~~^~~~
kernel/vfs.c: In function ‘vfs_unlock_file’:
kernel/vfs.c:304:48: warning: unused parameter ‘start’ [-Wunused-parameter]
  304 | int vfs_unlock_file(vfs_node_t *node, uint64_t start, uint64_t end, uint32_t owner) {
      |                                       ~~~~~~~~~^~~~~
kernel/vfs.c:304:64: warning: unused parameter ‘end’ [-Wunused-parameter]
  304 | int vfs_unlock_file(vfs_node_t *node, uint64_t start, uint64_t end, uint32_t owner) {
      |                                                       ~~~~~~~~~^~~
x86_64-linux-gnu-gcc -Wall -Wextra -ffreestanding -mcmodel=kernel -mno-red-zone -mno-mmx -mno-sse -mno-sse2 -fno-pic -fno-pie -O2 -Iinclude -MMD -DSHADOWBOX_VERSION=\"973cde5-dirty\" -fno-stack-protector -c kernel/syscall.c -o kernel/syscall.o
In file included from include/syscall.h:4,
                 from kernel/syscall.c:1:
include/types.h:34: warning: "offsetof" redefined
   34 | #define offsetof(type, member) ((size_t)&((type *)0)->member)
      | 
In file included from include/types.h:7,
                 from include/syscall.h:4,
                 from kernel/syscall.c:1:
/usr/lib/gcc/x86_64-linux-gnu/11/include/stddef.h:406: note: this is the location of the previous definition
  406 | #define offsetof(TYPE, MEMBER) __builtin_offsetof (TYPE, MEMBER)
      | 
In file included from kernel/syscall.c:14:
include/ipc.h:11: warning: "O_NONBLOCK" redefined
   11 | #define O_NONBLOCK 04000
      | 
In file included from kernel/syscall.c:10:
include/fcntl.h:12: note: this is the location of the previous definition
   12 | #define O_NONBLOCK  0x800
      | 
kernel/syscall.c:35: warning: "MAX_PIPES" redefined
   35 | #define MAX_PIPES 64
      | 
In file included from kernel/syscall.c:14:
include/ipc.h:10: note: this is the location of the previous definition
   10 | #define MAX_PIPES 128
      | 
kernel/syscall.c: In function ‘sys_pipe’:
kernel/syscall.c:580:23: warning: comparison of integer expressions of different signedness: ‘int’ and ‘long unsigned int’ [-Wsign-compare]
  580 |     for (int i = 0; i < sizeof(struct pipe); i++) ((char*)p)[i] = 0;
      |                       ^
kernel/syscall.c: In function ‘sys_dup2’:
kernel/syscall.c:632:15: warning: comparison of unsigned expression in ‘< 0’ is always false [-Wtype-limits]
  632 |     if (newfd < 0 || newfd >= MAX_FDS) return -EBADF;
      |               ^
kernel/syscall.c: In function ‘sys_shmget’:
kernel/syscall.c:745:82: warning: unused parameter ‘unused1’ [-Wunused-parameter]
  745 | static uint64_t sys_shmget(uint64_t key, uint64_t size, uint64_t flags, uint64_t unused1, uint64_t unused2) {
      |                                                                         ~~~~~~~~~^~~~~~~
kernel/syscall.c:745:100: warning: unused parameter ‘unused2’ [-Wunused-parameter]
  745 | static uint64_t sys_shmget(uint64_t key, uint64_t size, uint64_t flags, uint64_t unused1, uint64_t unused2) {
      |                                                                                           ~~~~~~~~~^~~~~~~
kernel/syscall.c: In function ‘sys_shmat’:
kernel/syscall.c:748:87: warning: unused parameter ‘unused1’ [-Wunused-parameter]
  748 | static uint64_t sys_shmat(uint64_t shmid, uint64_t shmaddr, uint64_t shmflg, uint64_t unused1, uint64_t unused2) {
      |                                                                              ~~~~~~~~~^~~~~~~
kernel/syscall.c:748:105: warning: unused parameter ‘unused2’ [-Wunused-parameter]
  748 | static uint64_t sys_shmat(uint64_t shmid, uint64_t shmaddr, uint64_t shmflg, uint64_t unused1, uint64_t unused2) {
      |                                                                                                ~~~~~~~~~^~~~~~~
kernel/syscall.c: In function ‘sys_shmdt’:
kernel/syscall.c:751:54: warning: unused parameter ‘unused1’ [-Wunused-parameter]
  751 | static uint64_t sys_shmdt(uint64_t shmaddr, uint64_t unused1, uint64_t unused2, uint64_t unused3, uint64_t unused4) {
      |                                             ~~~~~~~~~^~~~~~~
kernel/syscall.c:751:72: warning: unused parameter ‘unused2’ [-Wunused-parameter]
  751 | static uint64_t sys_shmdt(uint64_t shmaddr, uint64_t unused1, uint64_t unused2, uint64_t unused3, uint64_t unused4) {
      |                                                               ~~~~~~~~~^~~~~~~
kernel/syscall.c:751:90: warning: unused parameter ‘unused3’ [-Wunused-parameter]
  751 | static uint64_t sys_shmdt(uint64_t shmaddr, uint64_t unused1, uint64_t unused2, uint64_t unused3, uint64_t unused4) {
      |                                                                                 ~~~~~~~~~^~~~~~~
kernel/syscall.c:751:108: warning: unused parameter ‘unused4’ [-Wunused-parameter]
  751 | static uint64_t sys_shmdt(uint64_t shmaddr, uint64_t unused1, uint64_t unused2, uint64_t unused3, uint64_t unused4) {
      |                                                                                                   ~~~~~~~~~^~~~~~~
kernel/syscall.c: In function ‘sys_shmctl’:
kernel/syscall.c:754:81: warning: unused parameter ‘unused1’ [-Wunused-parameter]
  754 | static uint64_t sys_shmctl(uint64_t shmid, uint64_t cmd, uint64_t buf, uint64_t unused1, uint64_t unused2) {
      |                                                                        ~~~~~~~~~^~~~~~~
kernel/syscall.c:754:99: warning: unused parameter ‘unused2’ [-Wunused-parameter]
  754 | static uint64_t sys_shmctl(uint64_t shmid, uint64_t cmd, uint64_t buf, uint64_t unused1, uint64_t unused2) {
      |                                                                                          ~~~~~~~~~^~~~~~~
kernel/syscall.c: In function ‘sys_clipboard_set’:
kernel/syscall.c:996:77: warning: unused parameter ‘unused1’ [-Wunused-parameter]
  996 | static uint64_t sys_clipboard_set(uint64_t user_buf, uint64_t len, uint64_t unused1, uint64_t unused2, uint64_t unused3) {
      |                                                                    ~~~~~~~~~^~~~~~~
kernel/syscall.c:996:95: warning: unused parameter ‘unused2’ [-Wunused-parameter]
  996 | static uint64_t sys_clipboard_set(uint64_t user_buf, uint64_t len, uint64_t unused1, uint64_t unused2, uint64_t unused3) {
      |                                                                                      ~~~~~~~~~^~~~~~~
kernel/syscall.c:996:113: warning: unused parameter ‘unused3’ [-Wunused-parameter]
  996 | static uint64_t sys_clipboard_set(uint64_t user_buf, uint64_t len, uint64_t unused1, uint64_t unused2, uint64_t unused3) {
      |                                                                                                        ~~~~~~~~~^~~~~~~
kernel/syscall.c: In function ‘sys_clipboard_get’:
kernel/syscall.c:1006:80: warning: unused parameter ‘unused1’ [-Wunused-parameter]
 1006 | static uint64_t sys_clipboard_get(uint64_t user_buf, uint64_t maxlen, uint64_t unused1, uint64_t unused2, uint64_t unused3) {
      |                                                                       ~~~~~~~~~^~~~~~~
kernel/syscall.c:1006:98: warning: unused parameter ‘unused2’ [-Wunused-parameter]
 1006 | static uint64_t sys_clipboard_get(uint64_t user_buf, uint64_t maxlen, uint64_t unused1, uint64_t unused2, uint64_t unused3) {
      |                                                                                         ~~~~~~~~~^~~~~~~
kernel/syscall.c:1006:116: warning: unused parameter ‘unused3’ [-Wunused-parameter]
 1006 | static uint64_t sys_clipboard_get(uint64_t user_buf, uint64_t maxlen, uint64_t unused1, uint64_t unused2, uint64_t unused3) {
      |                                                                                                           ~~~~~~~~~^~~~~~~
kernel/syscall.c: In function ‘rtc_to_unix’:
kernel/syscall.c:1090:26: warning: comparison of integer expressions of different signedness: ‘int’ and ‘uint32_t’ {aka ‘unsigned int’} [-Wsign-compare]
 1090 |     for (int y = 1970; y < year; y++) {
      |                          ^
kernel/syscall.c: In function ‘sb_socket_create_wrapper’:
kernel/syscall.c:1118:32: warning: implicit declaration of function ‘sb_socket_create’; did you mean ‘sb_socket_create_wrapper’? [-Wimplicit-function-declaration]
 1118 |     (void)u1; (void)u2; return sb_socket_create((int)domain, (int)type, (int)protocol);
      |                                ^~~~~~~~~~~~~~~~
      |                                sb_socket_create_wrapper
kernel/syscall.c: In function ‘sb_socket_connect_wrapper’:
kernel/syscall.c:1121:32: warning: implicit declaration of function ‘sb_socket_connect’; did you mean ‘sb_socket_connect_wrapper’? [-Wimplicit-function-declaration]
 1121 |     (void)u1; (void)u2; return sb_socket_connect((int)sockfd, (const void*)addr, (size_t)addrlen);
      |                                ^~~~~~~~~~~~~~~~~
      |                                sb_socket_connect_wrapper
kernel/syscall.c: In function ‘sb_socket_bind_wrapper’:
kernel/syscall.c:1124:32: warning: implicit declaration of function ‘sb_socket_bind’; did you mean ‘sb_socket_bind_wrapper’? [-Wimplicit-function-declaration]
 1124 |     (void)u1; (void)u2; return sb_socket_bind((int)sockfd, (const void*)addr, (size_t)addrlen);
      |                                ^~~~~~~~~~~~~~
      |                                sb_socket_bind_wrapper
kernel/syscall.c: In function ‘sb_socket_listen_wrapper’:
kernel/syscall.c:1127:42: warning: implicit declaration of function ‘sb_socket_listen’; did you mean ‘sb_socket_listen_wrapper’? [-Wimplicit-function-declaration]
 1127 |     (void)u1; (void)u2; (void)u3; return sb_socket_listen((int)sockfd, (int)backlog);
      |                                          ^~~~~~~~~~~~~~~~
      |                                          sb_socket_listen_wrapper
kernel/syscall.c: In function ‘sb_socket_accept_wrapper’:
kernel/syscall.c:1130:32: warning: implicit declaration of function ‘sb_socket_accept’; did you mean ‘sb_socket_accept_wrapper’? [-Wimplicit-function-declaration]
 1130 |     (void)u1; (void)u2; return sb_socket_accept((int)sockfd, (void*)addr, (size_t*)addrlen);
      |                                ^~~~~~~~~~~~~~~~
      |                                sb_socket_accept_wrapper
kernel/syscall.c: In function ‘sys_fb_mmap’:
kernel/syscall.c:1247:14: warning: unused variable ‘width’ [-Wunused-variable]
 1247 |     uint32_t width = fb_get_width();
      |              ^~~~~
kernel/syscall.c: At top level:
kernel/syscall.c:1388:26: warning: initialized field overwritten [-Woverride-init]
 1388 |     [100]              = sys_times,
      |                          ^~~~~~~~~
kernel/syscall.c:1388:26: note: (near initialization for ‘syscall_table[100]’)
x86_64-linux-gnu-gcc -Wall -Wextra -ffreestanding -mcmodel=kernel -mno-red-zone -mno-mmx -mno-sse -mno-sse2 -fno-pic -fno-pie -O2 -Iinclude -MMD -DSHADOWBOX_VERSION=\"973cde5-dirty\" -fno-stack-protector -c kernel/elf.c -o kernel/elf.o
In file included from include/elf.h:4,
                 from kernel/elf.c:1:
include/types.h:34: warning: "offsetof" redefined
   34 | #define offsetof(type, member) ((size_t)&((type *)0)->member)
      | 
In file included from include/types.h:7,
                 from include/elf.h:4,
                 from kernel/elf.c:1:
/usr/lib/gcc/x86_64-linux-gnu/11/include/stddef.h:406: note: this is the location of the previous definition
  406 | #define offsetof(TYPE, MEMBER) __builtin_offsetof (TYPE, MEMBER)
      | 
x86_64-linux-gnu-gcc -Wall -Wextra -ffreestanding -mcmodel=kernel -mno-red-zone -mno-mmx -mno-sse -mno-sse2 -fno-pic -fno-pie -O2 -Iinclude -MMD -DSHADOWBOX_VERSION=\"973cde5-dirty\" -fno-stack-protector -c kernel/tarfs.c -o kernel/tarfs.o
In file included from include/vfs.h:4,
                 from include/tarfs.h:4,
                 from kernel/tarfs.c:1:
include/types.h:34: warning: "offsetof" redefined
   34 | #define offsetof(type, member) ((size_t)&((type *)0)->member)
      | 
In file included from include/types.h:7,
                 from include/vfs.h:4,
                 from include/tarfs.h:4,
                 from kernel/tarfs.c:1:
/usr/lib/gcc/x86_64-linux-gnu/11/include/stddef.h:406: note: this is the location of the previous definition
  406 | #define offsetof(TYPE, MEMBER) __builtin_offsetof (TYPE, MEMBER)
      | 
In file included from kernel/tarfs.c:2:
kernel/tarfs.c: In function ‘tarfs_init’:
include/kernel.h:22:22: warning: format ‘%x’ expects argument of type ‘unsigned int’, but argument 2 has type ‘uint64_t’ {aka ‘long unsigned int’} [-Wformat=]
   22 | #define KERN_INFO    "<6>"
      |                      ^~~~~
kernel/tarfs.c:213:12: note: in expansion of macro ‘KERN_INFO’
  213 |     printk(KERN_INFO "TarFS mounted at root, starting at %x\n", address);
      |            ^~~~~~~~~
kernel/tarfs.c:213:59: note: format string is defined here
  213 |     printk(KERN_INFO "TarFS mounted at root, starting at %x\n", address);
      |                                                          ~^
      |                                                           |
      |                                                           unsigned int
      |                                                          %lx
x86_64-linux-gnu-gcc -Wall -Wextra -ffreestanding -mcmodel=kernel -mno-red-zone -mno-mmx -mno-sse -mno-sse2 -fno-pic -fno-pie -O2 -Iinclude -MMD -DSHADOWBOX_VERSION=\"973cde5-dirty\" -fno-stack-protector -c kernel/ipc.c -o kernel/ipc.o
In file included from include/ipc.h:4,
                 from kernel/ipc.c:1:
include/types.h:34: warning: "offsetof" redefined
   34 | #define offsetof(type, member) ((size_t)&((type *)0)->member)
      | 
In file included from include/types.h:7,
                 from include/ipc.h:4,
                 from kernel/ipc.c:1:
/usr/lib/gcc/x86_64-linux-gnu/11/include/stddef.h:406: note: this is the location of the previous definition
  406 | #define offsetof(TYPE, MEMBER) __builtin_offsetof (TYPE, MEMBER)
      | 
kernel/ipc.c: In function ‘pipe_create’:
kernel/ipc.c:44:19: warning: cast between incompatible function types from ‘int (*)(pipe_buffer_t *, void *, uint32_t)’ {aka ‘int (*)(struct pipe_buffer *, void *, unsigned int)’} to ‘uint32_t (*)(struct vfs_node *, uint32_t,  uint32_t,  uint8_t *)’ {aka ‘unsigned int (*)(struct vfs_node *, unsigned int,  unsigned int,  unsigned char *)’} [-Wcast-function-type]
   44 |     rnode->read = (read_type_t)pipe_read;
      |                   ^
kernel/ipc.c:45:20: warning: cast between incompatible function types from ‘int (*)(pipe_buffer_t *, const void *, uint32_t)’ {aka ‘int (*)(struct pipe_buffer *, const void *, unsigned int)’} to ‘uint32_t (*)(struct vfs_node *, uint32_t,  uint32_t,  uint8_t *)’ {aka ‘unsigned int (*)(struct vfs_node *, unsigned int,  unsigned int,  unsigned char *)’} [-Wcast-function-type]
   45 |     wnode->write = (write_type_t)pipe_write;
      |                    ^
kernel/ipc.c: In function ‘shmat’:
kernel/ipc.c:126:23: warning: implicit declaration of function ‘aslr_get_mmap_base’ [-Wimplicit-function-declaration]
  126 |             s->virt = aslr_get_mmap_base();
      |                       ^~~~~~~~~~~~~~~~~~
kernel/ipc.c: In function ‘semop’:
kernel/ipc.c:280:21: warning: implicit declaration of function ‘sched_enqueue’ [-Wimplicit-function-declaration]
  280 |                     sched_enqueue(w->proc);
      |                     ^~~~~~~~~~~~~
x86_64-linux-gnu-gcc -Wall -Wextra -ffreestanding -mcmodel=kernel -mno-red-zone -mno-mmx -mno-sse -mno-sse2 -fno-pic -fno-pie -O2 -Iinclude -MMD -DSHADOWBOX_VERSION=\"973cde5-dirty\" -fno-stack-protector -c kernel/micro_ipc.c -o kernel/micro_ipc.o
In file included from include/kernel.h:4,
                 from kernel/micro_ipc.c:1:
include/types.h:34: warning: "offsetof" redefined
   34 | #define offsetof(type, member) ((size_t)&((type *)0)->member)
      | 
In file included from include/types.h:7,
                 from include/kernel.h:4,
                 from kernel/micro_ipc.c:1:
/usr/lib/gcc/x86_64-linux-gnu/11/include/stddef.h:406: note: this is the location of the previous definition
  406 | #define offsetof(TYPE, MEMBER) __builtin_offsetof (TYPE, MEMBER)
      | 
x86_64-linux-gnu-gcc -Wall -Wextra -ffreestanding -mcmodel=kernel -mno-red-zone -mno-mmx -mno-sse -mno-sse2 -fno-pic -fno-pie -O2 -Iinclude -MMD -DSHADOWBOX_VERSION=\"973cde5-dirty\" -fno-stack-protector -c kernel/signal.c -o kernel/signal.o
In file included from include/signal.h:4,
                 from kernel/signal.c:1:
include/types.h:34: warning: "offsetof" redefined
   34 | #define offsetof(type, member) ((size_t)&((type *)0)->member)
      | 
In file included from include/types.h:7,
                 from include/signal.h:4,
                 from kernel/signal.c:1:
/usr/lib/gcc/x86_64-linux-gnu/11/include/stddef.h:406: note: this is the location of the previous definition
  406 | #define offsetof(TYPE, MEMBER) __builtin_offsetof (TYPE, MEMBER)
      | 
kernel/signal.c:30:13: warning: ‘sig_default_cont’ defined but not used [-Wunused-function]
   30 | static void sig_default_cont(int sig) {
      |             ^~~~~~~~~~~~~~~~
x86_64-linux-gnu-gcc -Wall -Wextra -ffreestanding -mcmodel=kernel -mno-red-zone -mno-mmx -mno-sse -mno-sse2 -fno-pic -fno-pie -O2 -Iinclude -MMD -DSHADOWBOX_VERSION=\"973cde5-dirty\" -fno-stack-protector -c kernel/kthread.c -o kernel/kthread.o
In file included from include/kthread.h:4,
                 from kernel/kthread.c:1:
include/types.h:34: warning: "offsetof" redefined
   34 | #define offsetof(type, member) ((size_t)&((type *)0)->member)
      | 
In file included from include/types.h:7,
                 from include/kthread.h:4,
                 from kernel/kthread.c:1:
/usr/lib/gcc/x86_64-linux-gnu/11/include/stddef.h:406: note: this is the location of the previous definition
  406 | #define offsetof(TYPE, MEMBER) __builtin_offsetof (TYPE, MEMBER)
      | 
x86_64-linux-gnu-gcc -Wall -Wextra -ffreestanding -mcmodel=kernel -mno-red-zone -mno-mmx -mno-sse -mno-sse2 -fno-pic -fno-pie -O2 -Iinclude -MMD -DSHADOWBOX_VERSION=\"973cde5-dirty\" -fno-stack-protector -c kernel/sched.c -o kernel/sched.o
In file included from include/sched.h:4,
                 from kernel/sched.c:1:
include/types.h:34: warning: "offsetof" redefined
   34 | #define offsetof(type, member) ((size_t)&((type *)0)->member)
      | 
In file included from include/types.h:7,
                 from include/sched.h:4,
                 from kernel/sched.c:1:
/usr/lib/gcc/x86_64-linux-gnu/11/include/stddef.h:406: note: this is the location of the previous definition
  406 | #define offsetof(TYPE, MEMBER) __builtin_offsetof (TYPE, MEMBER)
      | 
kernel/sched.c:70:17: warning: ‘vruntime_delta’ defined but not used [-Wunused-function]
   70 | static uint64_t vruntime_delta(struct process *p) {
      |                 ^~~~~~~~~~~~~~
x86_64-linux-gnu-gcc -Wall -Wextra -ffreestanding -mcmodel=kernel -mno-red-zone -mno-mmx -mno-sse -mno-sse2 -fno-pic -fno-pie -O2 -Iinclude -MMD -DSHADOWBOX_VERSION=\"973cde5-dirty\" -fno-stack-protector -c kernel/memory.c -o kernel/memory.o
In file included from include/memory.h:4,
                 from kernel/memory.c:1:
include/types.h:34: warning: "offsetof" redefined
   34 | #define offsetof(type, member) ((size_t)&((type *)0)->member)
      | 
In file included from include/types.h:7,
                 from include/memory.h:4,
                 from kernel/memory.c:1:
/usr/lib/gcc/x86_64-linux-gnu/11/include/stddef.h:406: note: this is the location of the previous definition
  406 | #define offsetof(TYPE, MEMBER) __builtin_offsetof (TYPE, MEMBER)
      | 
x86_64-linux-gnu-gcc -Wall -Wextra -ffreestanding -mcmodel=kernel -mno-red-zone -mno-mmx -mno-sse -mno-sse2 -fno-pic -fno-pie -O2 -Iinclude -MMD -DSHADOWBOX_VERSION=\"973cde5-dirty\" -fno-stack-protector -c kernel/time.c -o kernel/time.o
In file included from include/time.h:4,
                 from kernel/time.c:1:
include/types.h:34: warning: "offsetof" redefined
   34 | #define offsetof(type, member) ((size_t)&((type *)0)->member)
      | 
In file included from include/types.h:7,
                 from include/time.h:4,
                 from kernel/time.c:1:
/usr/lib/gcc/x86_64-linux-gnu/11/include/stddef.h:406: note: this is the location of the previous definition
  406 | #define offsetof(TYPE, MEMBER) __builtin_offsetof (TYPE, MEMBER)
      | 
x86_64-linux-gnu-gcc -Wall -Wextra -ffreestanding -mcmodel=kernel -mno-red-zone -mno-mmx -mno-sse -mno-sse2 -fno-pic -fno-pie -O2 -Iinclude -MMD -DSHADOWBOX_VERSION=\"973cde5-dirty\" -fno-stack-protector -c kernel/input.c -o kernel/input.o
In file included from include/input.h:4,
                 from kernel/input.c:1:
include/types.h:34: warning: "offsetof" redefined
   34 | #define offsetof(type, member) ((size_t)&((type *)0)->member)
      | 
In file included from include/types.h:7,
                 from include/input.h:4,
                 from kernel/input.c:1:
/usr/lib/gcc/x86_64-linux-gnu/11/include/stddef.h:406: note: this is the location of the previous definition
  406 | #define offsetof(TYPE, MEMBER) __builtin_offsetof (TYPE, MEMBER)
      | 
x86_64-linux-gnu-gcc -Wall -Wextra -ffreestanding -mcmodel=kernel -mno-red-zone -mno-mmx -mno-sse -mno-sse2 -fno-pic -fno-pie -O2 -Iinclude -MMD -DSHADOWBOX_VERSION=\"973cde5-dirty\" -fno-stack-protector -c kernel/trackpad.c -o kernel/trackpad.o
In file included from include/trackpad.h:4,
                 from kernel/trackpad.c:1:
include/types.h:34: warning: "offsetof" redefined
   34 | #define offsetof(type, member) ((size_t)&((type *)0)->member)
      | 
In file included from include/types.h:7,
                 from include/trackpad.h:4,
                 from kernel/trackpad.c:1:
/usr/lib/gcc/x86_64-linux-gnu/11/include/stddef.h:406: note: this is the location of the previous definition
  406 | #define offsetof(TYPE, MEMBER) __builtin_offsetof (TYPE, MEMBER)
      | 
x86_64-linux-gnu-gcc -Wall -Wextra -ffreestanding -mcmodel=kernel -mno-red-zone -mno-mmx -mno-sse -mno-sse2 -fno-pic -fno-pie -O2 -Iinclude -MMD -DSHADOWBOX_VERSION=\"973cde5-dirty\" -fno-stack-protector -c fs/block.c -o fs/block.o
In file included from include/block.h:4,
                 from fs/block.c:1:
include/types.h:34: warning: "offsetof" redefined
   34 | #define offsetof(type, member) ((size_t)&((type *)0)->member)
      | 
In file included from include/types.h:7,
                 from include/block.h:4,
                 from fs/block.c:1:
/usr/lib/gcc/x86_64-linux-gnu/11/include/stddef.h:406: note: this is the location of the previous definition
  406 | #define offsetof(TYPE, MEMBER) __builtin_offsetof (TYPE, MEMBER)
      | 
In file included from fs/block.c:2:
fs/block.c: In function ‘block_register_device’:
include/kernel.h:22:22: warning: format ‘%llu’ expects argument of type ‘long long unsigned int’, but argument 3 has type ‘uint64_t’ {aka ‘long unsigned int’} [-Wformat=]
   22 | #define KERN_INFO    "<6>"
      |                      ^~~~~
fs/block.c:17:12: note: in expansion of macro ‘KERN_INFO’
   17 |     printk(KERN_INFO "BLOCK: Registered device '%s' (size=%llu blocks)\n", dev->name, dev->total_blocks);
      |            ^~~~~~~~~
fs/block.c:17:62: note: format string is defined here
   17 |     printk(KERN_INFO "BLOCK: Registered device '%s' (size=%llu blocks)\n", dev->name, dev->total_blocks);
      |                                                           ~~~^
      |                                                              |
      |                                                              long long unsigned int
      |                                                           %lu
x86_64-linux-gnu-gcc -Wall -Wextra -ffreestanding -mcmodel=kernel -mno-red-zone -mno-mmx -mno-sse -mno-sse2 -fno-pic -fno-pie -O2 -Iinclude -MMD -DSHADOWBOX_VERSION=\"973cde5-dirty\" -fno-stack-protector -c fs/ext2.c -o fs/ext2.o
In file included from include/ext2.h:4,
                 from fs/ext2.c:1:
include/types.h:34: warning: "offsetof" redefined
   34 | #define offsetof(type, member) ((size_t)&((type *)0)->member)
      | 
In file included from include/types.h:7,
                 from include/ext2.h:4,
                 from fs/ext2.c:1:
/usr/lib/gcc/x86_64-linux-gnu/11/include/stddef.h:406: note: this is the location of the previous definition
  406 | #define offsetof(TYPE, MEMBER) __builtin_offsetof (TYPE, MEMBER)
      | 
fs/ext2.c: In function ‘ext2_create_file’:
fs/ext2.c:453:81: warning: unused parameter ‘flags’ [-Wunused-parameter]
  453 | static vfs_node_t *ext2_create_file(vfs_node_t *dir, const char *name, uint32_t flags) {
      |                                                                        ~~~~~~~~~^~~~~
At top level:
fs/ext2.c:536:12: warning: ‘ext2_unlink’ defined but not used [-Wunused-function]
  536 | static int ext2_unlink(vfs_node_t *dir, const char *name) {
      |            ^~~~~~~~~~~
fs/ext2.c:492:20: warning: ‘ext2_mkdir’ defined but not used [-Wunused-function]
  492 | static vfs_node_t *ext2_mkdir(vfs_node_t *dir, const char *name) {
      |                    ^~~~~~~~~~
x86_64-linux-gnu-gcc -Wall -Wextra -ffreestanding -mcmodel=kernel -mno-red-zone -mno-mmx -mno-sse -mno-sse2 -fno-pic -fno-pie -O2 -Iinclude -MMD -DSHADOWBOX_VERSION=\"973cde5-dirty\" -fno-stack-protector -c fs/devfs.c -o fs/devfs.o
In file included from include/kernel.h:4,
                 from fs/devfs.c:2:
include/types.h:34: warning: "offsetof" redefined
   34 | #define offsetof(type, member) ((size_t)&((type *)0)->member)
      | 
In file included from include/types.h:7,
                 from include/kernel.h:4,
                 from fs/devfs.c:2:
/usr/lib/gcc/x86_64-linux-gnu/11/include/stddef.h:406: note: this is the location of the previous definition
  406 | #define offsetof(TYPE, MEMBER) __builtin_offsetof (TYPE, MEMBER)
      | 
x86_64-linux-gnu-gcc -Wall -Wextra -ffreestanding -mcmodel=kernel -mno-red-zone -mno-mmx -mno-sse -mno-sse2 -fno-pic -fno-pie -O2 -Iinclude -MMD -DSHADOWBOX_VERSION=\"973cde5-dirty\" -fno-stack-protector -c fs/procfs.c -o fs/procfs.o
In file included from include/kernel.h:4,
                 from fs/procfs.c:2:
include/types.h:34: warning: "offsetof" redefined
   34 | #define offsetof(type, member) ((size_t)&((type *)0)->member)
      | 
In file included from include/types.h:7,
                 from include/kernel.h:4,
                 from fs/procfs.c:2:
/usr/lib/gcc/x86_64-linux-gnu/11/include/stddef.h:406: note: this is the location of the previous definition
  406 | #define offsetof(TYPE, MEMBER) __builtin_offsetof (TYPE, MEMBER)
      | 
fs/procfs.c: In function ‘proc_meminfo_read’:
fs/procfs.c:24:14: warning: unused variable ‘used_kb’ [-Wunused-variable]
   24 |     uint64_t used_kb = (used_mem * 4096) / 1024;
      |              ^~~~~~~
x86_64-linux-gnu-gcc -Wall -Wextra -ffreestanding -mcmodel=kernel -mno-red-zone -mno-mmx -mno-sse -mno-sse2 -fno-pic -fno-pie -O2 -Iinclude -MMD -DSHADOWBOX_VERSION=\"973cde5-dirty\" -fno-stack-protector -c fs/sysfs.c -o fs/sysfs.o
In file included from include/sysfs.h:4,
                 from fs/sysfs.c:33:
include/types.h:34: warning: "offsetof" redefined
   34 | #define offsetof(type, member) ((size_t)&((type *)0)->member)
      | 
In file included from include/types.h:7,
                 from include/sysfs.h:4,
                 from fs/sysfs.c:33:
/usr/lib/gcc/x86_64-linux-gnu/11/include/stddef.h:406: note: this is the location of the previous definition
  406 | #define offsetof(TYPE, MEMBER) __builtin_offsetof (TYPE, MEMBER)
      | 
fs/sysfs.c: In function ‘sysfs_netinfo_read’:
fs/sysfs.c:115:23: warning: comparison of integer expressions of different signedness: ‘int’ and ‘long unsigned int’ [-Wsign-compare]
  115 |     while (dev && pos < sizeof(data) - 128) {
      |                       ^
x86_64-linux-gnu-gcc -Wall -Wextra -ffreestanding -mcmodel=kernel -mno-red-zone -mno-mmx -mno-sse -mno-sse2 -fno-pic -fno-pie -O2 -Iinclude -MMD -DSHADOWBOX_VERSION=\"973cde5-dirty\" -fno-stack-protector -c fs/tmpfs.c -o fs/tmpfs.o
In file included from include/vfs.h:4,
                 from fs/tmpfs.c:1:
include/types.h:34: warning: "offsetof" redefined
   34 | #define offsetof(type, member) ((size_t)&((type *)0)->member)
      | 
In file included from include/types.h:7,
                 from include/vfs.h:4,
                 from fs/tmpfs.c:1:
/usr/lib/gcc/x86_64-linux-gnu/11/include/stddef.h:406: note: this is the location of the previous definition
  406 | #define offsetof(TYPE, MEMBER) __builtin_offsetof (TYPE, MEMBER)
      | 
x86_64-linux-gnu-gcc -Wall -Wextra -ffreestanding -mcmodel=kernel -mno-red-zone -mno-mmx -mno-sse -mno-sse2 -fno-pic -fno-pie -O2 -Iinclude -MMD -DSHADOWBOX_VERSION=\"973cde5-dirty\" -fno-stack-protector -c net/net.c -o net/net.o
In file included from include/net.h:4,
                 from net/net.c:1:
include/types.h:34: warning: "offsetof" redefined
   34 | #define offsetof(type, member) ((size_t)&((type *)0)->member)
      | 
In file included from include/types.h:7,
                 from include/net.h:4,
                 from net/net.c:1:
/usr/lib/gcc/x86_64-linux-gnu/11/include/stddef.h:406: note: this is the location of the previous definition
  406 | #define offsetof(TYPE, MEMBER) __builtin_offsetof (TYPE, MEMBER)
      | 
net/net.c: In function ‘icmp_handle_packet’:
net/net.c:106:63: warning: converting a packed ‘struct ip_header’ pointer (alignment 1) to a ‘uint16_t’ {aka ‘short unsigned int’} pointer (alignment 2) may result in an unaligned pointer value [-Waddress-of-packed-member]
  106 |     ip->checksum = net_checksum((uint16_t *)ip, sizeof(struct ip_header));
      |                                                               ^~~~~~~~~
In file included from net/net.c:1:
include/net.h:59:8: note: defined here
   59 | struct ip_header {
      |        ^~~~~~~~~
net/net.c: In function ‘ip_handle_packet’:
net/net.c:143:52: warning: converting a packed ‘struct ip_header’ pointer (alignment 1) to a ‘uint16_t’ {aka ‘short unsigned int’} pointer (alignment 2) may result in an unaligned pointer value [-Waddress-of-packed-member]
  143 |     if (net_checksum((uint16_t *)ip, sizeof(struct ip_header)) != checksum) return;
      |                                                    ^~~~~~~~~
In file included from net/net.c:1:
include/net.h:59:8: note: defined here
   59 | struct ip_header {
      |        ^~~~~~~~~
x86_64-linux-gnu-gcc -Wall -Wextra -ffreestanding -mcmodel=kernel -mno-red-zone -mno-mmx -mno-sse -mno-sse2 -fno-pic -fno-pie -O2 -Iinclude -MMD -DSHADOWBOX_VERSION=\"973cde5-dirty\" -fno-stack-protector -c net/tcp.c -o net/tcp.o
In file included from include/tcp.h:4,
                 from net/tcp.c:1:
include/types.h:34: warning: "offsetof" redefined
   34 | #define offsetof(type, member) ((size_t)&((type *)0)->member)
      | 
In file included from include/types.h:7,
                 from include/tcp.h:4,
                 from net/tcp.c:1:
/usr/lib/gcc/x86_64-linux-gnu/11/include/stddef.h:406: note: this is the location of the previous definition
  406 | #define offsetof(TYPE, MEMBER) __builtin_offsetof (TYPE, MEMBER)
      | 
net/tcp.c: In function ‘tcp_send_ip_packet’:
net/tcp.c:67:22: warning: unsigned conversion from ‘int’ to ‘uint16_t’ {aka ‘short unsigned int’} changes value from ‘524296’ to ‘8’ [-Woverflow]
   67 |     eth->ethertype = (ETH_IP >> 8) | (ETH_IP << 8);
      |                      ^
net/tcp.c:80:63: warning: converting a packed ‘struct ip_header’ pointer (alignment 1) to a ‘uint16_t’ {aka ‘short unsigned int’} pointer (alignment 2) may result in an unaligned pointer value [-Waddress-of-packed-member]
   80 |     ip->checksum = net_checksum((uint16_t *)ip, sizeof(struct ip_header));
      |                                                               ^~~~~~~~~
In file included from include/tcp.h:5,
                 from net/tcp.c:1:
include/net.h:59:8: note: defined here
   59 | struct ip_header {
      |        ^~~~~~~~~
net/tcp.c: In function ‘tcp_handle_packet’:
net/tcp.c:288:9: warning: this statement may fall through [-Wimplicit-fallthrough=]
  288 |         {
      |         ^
net/tcp.c:302:5: note: here
  302 |     case TCP_FIN_WAIT_1:
      |     ^~~~
x86_64-linux-gnu-gcc -Wall -Wextra -ffreestanding -mcmodel=kernel -mno-red-zone -mno-mmx -mno-sse -mno-sse2 -fno-pic -fno-pie -O2 -Iinclude -MMD -DSHADOWBOX_VERSION=\"973cde5-dirty\" -fno-stack-protector -c net/udp.c -o net/udp.o
In file included from include/udp.h:4,
                 from net/udp.c:1:
include/types.h:34: warning: "offsetof" redefined
   34 | #define offsetof(type, member) ((size_t)&((type *)0)->member)
      | 
In file included from include/types.h:7,
                 from include/udp.h:4,
                 from net/udp.c:1:
/usr/lib/gcc/x86_64-linux-gnu/11/include/stddef.h:406: note: this is the location of the previous definition
  406 | #define offsetof(TYPE, MEMBER) __builtin_offsetof (TYPE, MEMBER)
      | 
net/udp.c: In function ‘udp_socket_sendto’:
net/udp.c:50:22: warning: unsigned conversion from ‘int’ to ‘uint16_t’ {aka ‘short unsigned int’} changes value from ‘524296’ to ‘8’ [-Woverflow]
   50 |     eth->ethertype = (ETH_IP >> 8) | (ETH_IP << 8);
      |                      ^
net/udp.c:63:63: warning: converting a packed ‘struct ip_header’ pointer (alignment 1) to a ‘uint16_t’ {aka ‘short unsigned int’} pointer (alignment 2) may result in an unaligned pointer value [-Waddress-of-packed-member]
   63 |     ip->checksum = net_checksum((uint16_t *)ip, sizeof(struct ip_header));
      |                                                               ^~~~~~~~~
In file included from include/udp.h:5,
                 from net/udp.c:1:
include/net.h:59:8: note: defined here
   59 | struct ip_header {
      |        ^~~~~~~~~
net/udp.c: In function ‘udp_handle_packet’:
net/udp.c:94:83: warning: unused parameter ‘src_ip’ [-Wunused-parameter]
   94 | void udp_handle_packet(net_device_t *dev, uint8_t *packet, uint32_t len, uint32_t src_ip) {
      |                                                                          ~~~~~~~~~^~~~~~
x86_64-linux-gnu-gcc -Wall -Wextra -ffreestanding -mcmodel=kernel -mno-red-zone -mno-mmx -mno-sse -mno-sse2 -fno-pic -fno-pie -O2 -Iinclude -MMD -DSHADOWBOX_VERSION=\"973cde5-dirty\" -fno-stack-protector -c net/socket.c -o net/socket.o
In file included from include/socket.h:4,
                 from net/socket.c:1:
include/types.h:34: warning: "offsetof" redefined
   34 | #define offsetof(type, member) ((size_t)&((type *)0)->member)
      | 
In file included from include/types.h:7,
                 from include/socket.h:4,
                 from net/socket.c:1:
/usr/lib/gcc/x86_64-linux-gnu/11/include/stddef.h:406: note: this is the location of the previous definition
  406 | #define offsetof(TYPE, MEMBER) __builtin_offsetof (TYPE, MEMBER)
      | 
x86_64-linux-gnu-gcc -Wall -Wextra -ffreestanding -mcmodel=kernel -mno-red-zone -mno-mmx -mno-sse -mno-sse2 -fno-pic -fno-pie -O2 -Iinclude -MMD -DSHADOWBOX_VERSION=\"973cde5-dirty\" -fno-stack-protector -c lib/kstring.c -o lib/kstring.o
In file included from include/kstring.h:4,
                 from lib/kstring.c:1:
include/types.h:34: warning: "offsetof" redefined
   34 | #define offsetof(type, member) ((size_t)&((type *)0)->member)
      | 
In file included from include/types.h:7,
                 from include/kstring.h:4,
                 from lib/kstring.c:1:
/usr/lib/gcc/x86_64-linux-gnu/11/include/stddef.h:406: note: this is the location of the previous definition
  406 | #define offsetof(TYPE, MEMBER) __builtin_offsetof (TYPE, MEMBER)
      | 
x86_64-linux-gnu-ld -nostdlib -z max-page-size=0x1000 -T link.ld -o os.bin arch/x86_64/boot/head.o arch/x86_64/boot/idt.o arch/x86_64/boot/isr_stubs.o arch/x86_64/boot/ap_trampoline.o arch/x86_64/kernel/switch.o arch/x86_64/kernel/syscall_entry.o arch/x86_64/kernel/smp.o arch/x86_64/kernel/gdt.o arch/x86_64/kernel/idt.o arch/x86_64/mm/pmm.o arch/x86_64/mm/vmm.o arch/x86_64/mm/buddy.o arch/x86_64/mm/malloc.o arch/x86_64/mm/slab.o arch/x86_64/mm/mmap.o arch/x86_64/mm/swap.o arch/x86_64/mm/aslr.o arch/x86_64/drivers/pic.o arch/x86_64/drivers/serial.o arch/x86_64/drivers/pit.o arch/x86_64/drivers/keyboard.o arch/x86_64/drivers/mouse.o arch/x86_64/drivers/tty.o arch/x86_64/drivers/pci.o arch/x86_64/drivers/apic.o arch/x86_64/drivers/acpi.o arch/x86_64/drivers/ahci.o arch/x86_64/drivers/usb.o arch/x86_64/drivers/hda.o arch/x86_64/drivers/fb.o arch/x86_64/drivers/rtc.o arch/x86_64/drivers/rtl8139.o arch/x86_64/drivers/e1000.o kernel/main.o kernel/boot.o kernel/printk.o kernel/task.o kernel/vfs.o kernel/syscall.o kernel/elf.o kernel/tarfs.o kernel/ipc.o kernel/micro_ipc.o kernel/signal.o kernel/kthread.o kernel/sched.o kernel/memory.o kernel/time.o kernel/input.o kernel/trackpad.o  fs/block.o fs/ext2.o fs/devfs.o fs/procfs.o fs/sysfs.o fs/tmpfs.o  net/net.o net/tcp.o net/udp.o net/socket.o lib/kstring.o
x86_64-linux-gnu-ld: arch/x86_64/kernel/idt.o: in function `isr_handler':
idt.c:(.text+0x2d8): undefined reference to `irq_monitor_record'
x86_64-linux-gnu-ld: idt.c:(.text+0x252): undefined reference to `softirq_do_pending'
x86_64-linux-gnu-ld: idt.c:(.text+0x316): undefined reference to `softirq_do_pending'
x86_64-linux-gnu-ld: arch/x86_64/drivers/keyboard.o: in function `keyboard_handler':
keyboard.c:(.text+0x2d): undefined reference to `hid_process_report'
x86_64-linux-gnu-ld: keyboard.c:(.text+0xc8): undefined reference to `hid_process_report'
x86_64-linux-gnu-ld: arch/x86_64/drivers/keyboard.o: in function `keyboard_init':
keyboard.c:(.text+0x2c3): undefined reference to `hid_register_device'
x86_64-linux-gnu-ld: arch/x86_64/drivers/mouse.o: in function `mouse_handler':
mouse.c:(.text+0xa3): undefined reference to `hid_process_report'
x86_64-linux-gnu-ld: arch/x86_64/drivers/mouse.o: in function `mouse_init':
mouse.c:(.text+0x8fb): undefined reference to `hid_register_device'
x86_64-linux-gnu-ld: arch/x86_64/drivers/pci.o: in function `pci_check_function':
pci.c:(.text+0x3ca): undefined reference to `pci_bus_type'
x86_64-linux-gnu-ld: pci.c:(.text+0x3d3): undefined reference to `device_register'
x86_64-linux-gnu-ld: arch/x86_64/drivers/fb.o: in function `fb_console_putchar':
fb.c:(.text+0x358): undefined reference to `font8x16'
x86_64-linux-gnu-ld: fb.c:(.text+0x35f): undefined reference to `font8x16'
x86_64-linux-gnu-ld: kernel/main.o: in function `kernel_main':
main.c:(.text+0x46c): undefined reference to `softirq_init'
x86_64-linux-gnu-ld: main.c:(.text+0x482): undefined reference to `driver_framework_init'
x86_64-linux-gnu-ld: main.c:(.text+0x487): undefined reference to `ehci_driver_init'
x86_64-linux-gnu-ld: main.c:(.text+0x48c): undefined reference to `usb_hid_driver_init'
x86_64-linux-gnu-ld: main.c:(.text+0x4a2): undefined reference to `hid_core_init'
x86_64-linux-gnu-ld: main.c:(.text+0x4e8): undefined reference to `irq_monitor_init'
x86_64-linux-gnu-ld: main.c:(.text+0x57d): undefined reference to `smep_smap_init'
x86_64-linux-gnu-ld: main.c:(.text+0x604): undefined reference to `virtio_net_init'
x86_64-linux-gnu-ld: main.c:(.text+0x630): undefined reference to `storage_init'
x86_64-linux-gnu-ld: main.c:(.text+0x64b): undefined reference to `pty_subsystem_init'
x86_64-linux-gnu-ld: main.c:(.text+0x6a8): undefined reference to `shadowfs_init'
x86_64-linux-gnu-ld: main.c:(.text+0x6be): undefined reference to `security_init'
x86_64-linux-gnu-ld: main.c:(.text+0x6c3): undefined reference to `seccomp_init'
x86_64-linux-gnu-ld: main.c:(.text+0x6d4): undefined reference to `syscall_tracer_init'
x86_64-linux-gnu-ld: main.c:(.text+0x85c): undefined reference to `irq_monitor_init'
x86_64-linux-gnu-ld: main.c:(.text+0x8b9): undefined reference to `tickless_init'
x86_64-linux-gnu-ld: main.c:(.text+0x9c5): undefined reference to `idle_tasks_init'
x86_64-linux-gnu-ld: main.c:(.text+0x9d6): undefined reference to `hal_init'
x86_64-linux-gnu-ld: main.c:(.text+0xa37): undefined reference to `power_init'
x86_64-linux-gnu-ld: main.c:(.text+0xa4d): undefined reference to `power_subsys_init'
x86_64-linux-gnu-ld: kernel/syscall.o: in function `sys_mem_map':
syscall.c:(.text+0x1b5f): undefined reference to `memory_get_map'
x86_64-linux-gnu-ld: kernel/syscall.o: in function `syscall_handler':
syscall.c:(.text+0x2d35): undefined reference to `seccomp_check_syscall'
x86_64-linux-gnu-ld: syscall.c:(.text+0x2d6b): undefined reference to `syscall_tracer_log'
x86_64-linux-gnu-ld: kernel/syscall.o:(.rodata+0x1e8): undefined reference to `sys_wait4'
x86_64-linux-gnu-ld: fs/devfs.o: in function `devfs_finddir':
devfs.c:(.text+0x2e1): undefined reference to `pty_vfs_read'
x86_64-linux-gnu-ld: devfs.c:(.text+0x2ed): undefined reference to `pty_vfs_write'
x86_64-linux-gnu-ld: fs/sysfs.o: in function `sysfs_usb_read':
sysfs.c:(.text+0x4fe): undefined reference to `usb_bus_type'
x86_64-linux-gnu-ld: fs/sysfs.o: in function `sysfs_block_info_read':
sysfs.c:(.text+0x5cc): undefined reference to `storage_get_devices'
make: *** [Makefile:188: os.bin] Error 1
