c[?7l[2J[0mSeaBIOS (version 1.15.0-1)


iPXE (https://ipxe.org) 00:03.0 CA00 PCI2.10 PnP PMM+07F8B4A0+07ECB4A0 CA00
Press Ctrl-B to configure iPXE (PCI 00:03.0)...                                                                               


Booting from Hard Disk...
Boot failed: could not read the boot disk

Booting from Floppy...
Boot failed: could not read the boot disk

Booting from DVD/CD...
[01;01H<6>kernel_main: raw info_ptr=0x778800, virtual=0xffffffff80778800
<6>ShadowBox v973cde5-dirty booting on x86_64...
<7>DEBUG: entered bootloader_info_parse
<6>BOOT: Bootloader info parse...
<6>Initrd module: 0x46a000 - 0x778800 (3205120 bytes)
<6>Framebuffer tag: phys=0xfd000000 1024x768 pitch=4096 bpp=32
<6>multiboot info: raw ptr=0x778800, size=1920
<6>BOOT: Bootloader info parse done (2 us)
<6>DEBUG: after bootloader_info_parse
<6>BOOT: GDT setup...
<6>GDT and TSS initialized.
<6>BOOT: GDT setup done (0 us)
<6>BOOT: IDT setup...
<6>BOOT: IDT setup done (0 us)
<6>BOOT: SoftIRQ setup...
<6>BOOT: SoftIRQ setup done (0 us)
<6>BOOT: Driver Framework setup...
<6>Initializing Driver Framework (Bus/Device/Driver Core)
<6>bus: registered bus 'pci'
<6>bus: registered bus 'usb'
<6>bus: registered bus 'i2c'
<6>bus: registered bus 'spi'
<6>USB HID Driver initialized
<6>bus: added driver 'usb_hid' to bus 'usb'
<6>BOOT: Driver Framework setup done (2 us)
<6>BOOT: HID Subsystem setup...
<6>Initializing HID Core Layer
<6>HID-KBD: Initialized Deep Keyboard Subsystem (Scancodes, Layouts, Events)
<6>HID: Initialized Pointer Subsystem
<6>HID: Initialized Touchpad Subsystem (PTP/Synaptics)
<6>BOOT: HID Subsystem setup done (4 us)
<6>DEBUG: after HID init
<6>BOOT: Camera Subsystem setup...
<6>BOOT: Camera Subsystem setup done (0 us)
<6>BOOT: PIC setup...
<6>BOOT: PIC setup done (0 us)
<6>BOOT: IRQ Monitor init...
<6>IRQ Monitor initialized
<6>BOOT: IRQ Monitor init done (1 us)
<6>DEBUG: after PIC init
<6>kernel_main: before mm_init
<6>BOOT: Physical Memory Manager init...
<6>PMM init start with mb2_info_ptr=0x778800
<7>PMM total_size=1920
<7>Tag type: 15
<7>Tag type: 1
<7>Tag type: 2
<7>Tag type: a
<7>Tag type: 3
<7>Tag type: 6
<7>Tag type: 9
<7>Tag type: 4
<7>Tag type: 5
<7>Tag type: 7
<7>Tag type: 8
<7>Tag type: e
<7>Tag type: 0
<6>PMM initialized: 7fe0 blocks total, 76c blocks used, 2 zones
<7>PMM zone DMA: fff blocks (894 free)
<7>PMM zone Normal: 6fe0 blocks (6fe0 free)
<6>BOOT: Physical Memory Manager init done (17 us)
<6>DEBUG: after physical memory init
<6>BOOT: Virtual Memory Manager init...
<6>ShadowBox VMM initialized (PCID not supported, disabled).
<6>ShadowBox VMM: NXE enabled.
<6>kernel_main: after mm_init
<6>BOOT: Virtual Memory Manager init done (4 us)
<6>BOOT: ASLR init...
<6>ASLR: initialized (kernel offset = 7a00000)
<6>ASLR: SMEP not supported by CPU
<6>ASLR: SMAP not supported by CPU
<6>ASLR: SMEP not supported by CPU
<6>ASLR: SMAP not supported by CPU
<6>BOOT: ASLR init done (5 us)
<6>BOOT: Kernel Heap init...
<6>Malloc initialized.
<6>SLAB: Initializing SLUB allocator...
<6>BOOT: Kernel Heap init done (2 us)
<6>kernel_main: after mm_init
<6>BOOT: VFS init...
VFS initialized.
<6>BOOT: VFS init done (1 us)
<6>BOOT: Block layer init...
<6>BLOCK: Initializing block device layer...
<6>BOOT: Block layer init done (1 us)
<6>BOOT: PCI init...
<6>PCI: Enumerating buses...
<6>PCI: %02x:%02x.0 %04x:%04x class=%02x subclass=%02x irq=0 BAR0=%04x
<6>bus: added device 'pci_00:00.0' to bus 'pci'
<6>PCI: %02x:%02x.0 %04x:%04x class=%02x subclass=%02x irq=1 BAR0=%04x
<6>bus: added device 'pci_00:01.0' to bus 'pci'
<6>PCI: %02x:%02x.0 %04x:%04x class=%02x subclass=%02x irq=1 BAR0=%04x
<6>bus: added device 'pci_00:01.1' to bus 'pci'
<6>PCI: %02x:%02x.0 %04x:%04x class=%02x subclass=%02x irq=1 BAR0=%04x
<6>bus: added device 'pci_00:01.3' to bus 'pci'
<6>PCI: %02x:%02x.0 %04x:%04x class=%02x subclass=%02x irq=2 BAR0=%04x
<6>bus: added device 'pci_00:02.0' to bus 'pci'
<6>PCI: %02x:%02x.0 %04x:%04x class=%02x subclass=%02x irq=3 BAR0=%04x
<6>bus: added device 'pci_00:03.0' to bus 'pci'
<6>PCI: 6 devices found.
<6>BOOT: PCI init done (19 us)
<6>BOOT: AHCI init...
<6>AHCI: Scanning PCI for AHCI controller...
<4>AHCI: No controller found.
<6>BOOT: AHCI init done (6 us)
<6>BOOT: RAM Disk init...
<6>RAMDISK: Initializing RAM disk...
<6>BLOCK: Registered device 'ram0' (size=1 blocks)
<6>RAMDISK: Registered device 'ram0' (1 blocks, 512 bytes)
<6>BOOT: RAM Disk init done (3 us)
<6>BOOT: HAL storage init...
<6>STORAGE: Initializing storage abstraction...
<6>STORAGE: ram0 detected (0 MB)
<6>BOOT: HAL storage init done (3 us)
<6>BOOT: devfs init...
<6>DEVFS: Initializing /dev pseudo-filesystem...
<6>PTY: subsystem initialized
<6>BOOT: devfs init done (2 us)
<6>BOOT: ext2 init...
<6>EXT2: Initializing Ext2 filesystem driver...
<3>EXT2: Could not find block device 'sda'
<6>BOOT: ext2 init done (2 us)
<6>BOOT: fat32 init...
<6>BOOT: fat32 init done (0 us)
<6>BOOT: procfs init...
<6>PROCFS: Initializing enhanced /proc virtual filesystem...
<6>PROCFS: Registered entries: meminfo, stat, cpuinfo, version, filesystems
<6>BOOT: procfs init done (3 us)
<6>BOOT: sysfs init...
<6>SYSFS: Initializing /sys virtual filesystem...
<6>BOOT: sysfs init done (1 us)
<6>BOOT: tmpfs init...
<6>TMPFS: Initializing RAM-based writable filesystem...
<6>TMPFS: Root filesystem ready (max 256 entries, 1MB per file)
<6>ShadowFS: initializing...
<6>BOOT: tmpfs init done (4 us)
<6>BOOT: Security init...
<7>Security: LSM module 'capability' registered
<6>Security: Capability-based security subsystem initialized
<6>BOOT: Security init done (2 us)
<6>BOOT: Syscall tracer init...
<6>Syscall tracer initialized.
<6>BOOT: Syscall tracer init done (1 us)
<6>BOOT: IPC init...
IPC: Initializing Inter-Process Communication subsystem...
<6>BOOT: IPC init done (1 us)
<6>BOOT: Signal init...
SIGNAL: Initializing enhanced POSIX signal routing and handlers...
<6>BOOT: Signal init done (1 us)
<6>BOOT: Kernel thread init...
KTHREAD: Initializing Kernel-Level Threads subsystem...
<6>BOOT: Kernel thread init done (1 us)
<6>BOOT: Scheduler init...
SCHED: Enhanced SMP CFS scheduler initialized
<6>BOOT: Scheduler init done (1 us)
<6>BOOT: Network stack init...
<6>NET: Initializing TCP/IP Networking Stack...
<6>TCP: Initializing TCP subsystem with packet send/recv
<6>UDP: Initializing UDP subsystem
<6>SOCKET: Initializing BSD Socket API...
<6>BOOT: Network stack init done (4 us)
<6>BOOT: MMAP init...
<7>MMAP: Initializing mmap and shared memory support...
<6>BOOT: MMAP init done (1 us)
<6>BOOT: Swap init...
<7>SWAP: Initializing page swapping/reclaiming subsystem...
<4>SWAP: No swap device 'swap0' found. Swap disabled.
<6>BOOT: Swap init done (2 us)
<6>BOOT: Initrd load...
<6>TarFS mounted at root, starting at 46a000
<6>BOOT: Initrd load done (2 us)
<6>BOOT: Virtual FS mount...
<6>ShadowBox: Filesystems mounted (/dev, /proc, /tmp, /sys)
<6>BOOT: Virtual FS mount done (1 us)
<6>BOOT: Input devices init...
<6>DEVFS: Registered /dev/input
<6>TTY VFS node initialized.
<6>BOOT: Input devices init done (2 us)
<6>BOOT: APIC init...
<6>APIC: Initializing Local APIC...
<6>APIC: Initialization complete (LINT0 + IOAPIC ExtINT).
<6>BOOT: APIC init done (2 us)
<6>BOOT: IRQ Monitor init...
<6>IRQ Monitor initialized
<6>BOOT: IRQ Monitor init done (1 us)
<6>BOOT: PS/2 keyboard init...
<6>HID: Registering device type=1, transport=2
<6>Keyboard initialized and registered with HID subsystem.
<6>BOOT: PS/2 keyboard init done (2 us)
<6>BOOT: PS/2 mouse init...
<6>PS2: Initializing mouse...
<6>PS2: IntelliMouse (scroll wheel) detected (id=0x3).
<6>HID: Registering device type=2, transport=2
<6>PS2: Mouse initialized.
<6>BOOT: PS/2 mouse init done (5 us)
<6>BOOT: Trackpad init...
<6>TRACKPAD: Initialized Advanced Multi-touch Gesture Engine
<6>BOOT: Trackpad init done (1 us)
<6>BOOT: PIT init (100Hz)...
<6>BOOT: PIT init (100Hz) done (1 us)
<6>BOOT: HDA audio init...
<6>HDA: Initializing Intel High Definition Audio...
<6>BOOT: HDA audio init done (5 us)
<6>BOOT: USB xHCI init...
<6>USB: Initializing Universal Serial Bus stack...
<6>BOOT: USB xHCI init done (6 us)
<6>BOOT: Framebuffer init...
<6>DEBUG: before fb_init
FB: Initializing Framebuffer / Graphics stub...
<6>DEBUG: after fb_init, before fb_console_init
FBCON: before vmap
FBCON: after vmap
FBCON-TEST: readback[0]=ff readback[row16]=ff fb_addr=0xffffffff90002000
FBCON: 1024x768x32, virt=0xffffffff90002000, phys=0xfd000000
<6>DEBUG: after fb_console_init
<6>BOOT: Framebuffer init done (14 us)
<6>BOOT: RTC init...
<6>HAL: RTC: Initialized CMOS RTC driver.
<6>BOOT: RTC init done (1 us)
<6>BOOT: NIC init...
<6>E1000: MMIO at phys=0xfeb80000 virt=0xffffc000feb80000 IRQ=11
<6>E1000: Status=0x80080783 Link=UP
<6>E1000: MAC %02x:%02x:%02x:%02x:%02x:%02x
<6>NET: Registered device 'e1000' (MAC 52:54:0:12:34:56)
<6>E1000: Driver initialized
<6>BOOT: NIC init done (56 us)
<6>BOOT: SMP init...
<6>SMP: BSP APIC ID = 0
<6>APIC: Found 1 CPU(s) via MADT
<6>SMP: Found 1 APIC IDs total
<6>SMP: Single-core system, skipping AP bringup
<6>BOOT: SMP init done (4 us)
<6>Preemptive Scheduler: BSP runqueue initialized
<6>BOOT: HAL init...
<6>HAL: Initializing Hardware Abstraction Layer...
<6>CPU: AMD (1 cores, 1 logical)
<6>MEM: 127 MB total, 119 MB usable
<6>HAL: x86_64 platform ready
<6>BOOT: HAL init done (4 us)
<6>BOOT: Syscall init...
Canary set: 0xdeadbeefcafebabe
ShadowBox syscall interface initialized.
<6>BOOT: Syscall init done (2 us)
<6>BOOT: Task init...
<6>main_proc=0xffffffff8083b038
<6>BOOT: Task init done (2 us)
<6>task_create_proc: proc=0xffffffff8083d038
<6>task_create_proc: kstack=0xffffffff81003018 for pid=2
<6>BOOT: Init system start...
<6>task_create_proc: proc=0xffffffff80846038
<6>task_create_proc: kstack=0xffffffff81008018 for pid=3
<6>BOOT: Init system start done (3 us)
<6>BOOT: Power management init...
<7>Power: FADT not found, using defaults
<6>Power: Power management initialized (0 C-states, 0 P-states)
<6>BOOT: Power management init done (3 us)
<6>BOOT: Power subsystem init...
<7>Power: Thermal subsystem initialized
<6>BOOT: Power subsystem init done (1 us)
<6>ShadowBox syscall interface initialized.
<6>BOOT: --- Boot Stage Summary ---
<6>BOOT:   1. Bootloader info parse 2 us
